******************************************************************************
                  TI ARM Linker PC v5.2.2                      
******************************************************************************
>> Linked Fri Feb 19 13:04:19 2016

OUTPUT FILE NAME:   <connected_launchpad_rtos_raw.out>
ENTRY POINT SYMBOL: "_c_int00"  address: 00005cfd


MEMORY CONFIGURATION

         name            origin    length      used     unused   attr    fill
----------------------  --------  ---------  --------  --------  ----  --------
  FLASH                 00000000   00100000  0000a24c  000f5db4  R  X
  SRAM                  20000000   00040000  00007644  000389bc  RW X


SEGMENT ALLOCATION MAP

run origin  load origin   length   init length attrs members
----------  ----------- ---------- ----------- ----- -------
00000000    00000000    0000a258   0000a258    r-x
  00000000    00000000    0000003c   0000003c    r-- .resetVecs
  00000040    00000040    0000797a   0000797a    r-x .text
  000079bc    000079bc    000024fe   000024fe    r-- .const
  00009ec0    00009ec0    00000398   00000398    r-- .cinit
20000000    20000000    00000360   00000000    rw-
  20000000    20000000    00000360   00000000    rw- .vecs
20000400    20000400    000072e4   00000000    rw-
  20000400    20000400    00005e4c   00000000    rw- .bss
  2000624c    2000624c    00001000   00000000    rw- .stack
  2000724c    2000724c    00000498   00000000    rw- .data


SECTION ALLOCATION MAP

 output                                  attributes/
section   page    origin      length       input sections
--------  ----  ----------  ----------   ----------------
.resetVecs 
*          0    00000000    0000003c     
                  00000000    0000003c     application_pem4f.oem4f (.resetVecs)

.text      0    00000040    0000797a     
                  00000040    00000430     sysbios.aem4f : BIOS.obj (.text:ti_sysbios_family_arm_m3_Hwi_excDumpRegs__I)
                  00000470    0000034c     ti.targets.arm.rtsarm.aem4f : System.oem4f (.text:xdc_runtime_System_doPrint__I)
                  000007bc    00000004     driverlib.lib : i2c.obj (.text:I2CMasterControl)
                  000007c0    00000314     sysbios.aem4f : BIOS.obj (.text:ti_sysbios_knl_Semaphore_pend__E)
                  00000ad4    000002d4     rtsv7M4_T_le_v4SPD16_eabi.lib : trgdrv.obj (.text)
                  00000da8    00000254     sysbios.aem4f : BIOS.obj (.text:ti_sysbios_heaps_HeapMem_free__E)
                  00000ffc    00000004     driverlib.lib : i2c.obj (.text:I2CMasterDataGet)
                  00001000    00000240     sysbios.aem4f : BIOS.obj (.text:ti_sysbios_heaps_HeapMem_alloc__E)
                  00001240    0000022c                   : BIOS.obj (.text:ti_sysbios_family_arm_lm4_Timer_start__E)
                  0000146c    00000004     driverlib.lib : i2c.obj (.text:I2CMasterDataPut)
                  00001470    0000022c     sysbios.aem4f : BIOS.obj (.text:ti_sysbios_knl_Task_Instance_finalize__E)
                  0000169c    00000204     driverlib.lib : sysctl.obj (.text:SysCtlClockFreqSet)
                  000018a0    00000204     Boot.aem4f : Boot_sysctl.oem4f (.text:ti_catalog_arm_cortexm4_tiva_ce_Boot_sysCtlClockFreqSetI__I)
                  00001aa4    00000004     driverlib.lib : ssi.obj (.text:SSIIntClear)
                  00001aa8    00000200     sysbios.aem4f : BIOS.obj (.text:ti_sysbios_knl_Task_sleep__E)
                  00001ca8    000001fc                   : BIOS.obj (.text:ti_sysbios_family_arm_m3_Hwi_excHandlerMax__I)
                  00001ea4    00000004     application_pem4f.oem4f (.text:ti_sysbios_BIOS_RtsGateProxy_enter__E)
                  00001ea8    000001c8     sysbios.aem4f : BIOS.obj (.text:ti_sysbios_knl_Task_Instance_init__E)
                  00002070    000001b6     rtsv7M4_T_le_v4SPD16_eabi.lib : fd_add_t2.obj (.text)
                  00002226    00000002     drivers_tivaware.aem4f : SPITivaDMA.oem4f (.text:SPITivaDMA_serviceISR)
                  00002228    0000019c     sysbios.aem4f : BIOS.obj (.text:ti_sysbios_knl_Task_Module_startup__E)
                  000023c4    00000188     Blink_Task.obj (.text:outpTask)
                  0000254c    00000004     application_pem4f.oem4f (.text:ti_sysbios_BIOS_RtsGateProxy_leave__E)
                  00002550    00000174     sysbios.aem4f : BIOS.obj (.text:ti_sysbios_family_arm_m3_Hwi_excBusFault__I)
                  000026c4    00000004                   : BIOS.obj (.text:ti_sysbios_family_arm_lm4_Timer_masterEnable__I)
                  000026c8    00000164                   : BIOS.obj (.text:ti_sysbios_family_arm_m3_Hwi_excUsageFault__I)
                  0000282c    00000004     application_pem4f.oem4f (.text:ti_sysbios_family_arm_m3_Hwi_destruct)
                  00002830    00000158     sysbios.aem4f : BIOS.obj (.text:ti_sysbios_knl_Mailbox_Instance_init__E)
                  00002988    00000148                   : BIOS.obj (.text:ti_sysbios_family_arm_m3_Hwi_excMemFault__I)
                  00002ad0    00000140                   : BIOS.obj (.text:ti_sysbios_knl_Semaphore_post__E)
                  00002c10    0000013c                   : BIOS.obj (.text:ti_sysbios_heaps_HeapMem_Instance_init__E)
                  00002d4c    00000004     application_pem4f.oem4f (.text:ti_sysbios_family_arm_m3_TaskSupport_Module__startupDone__S)
                  00002d50    00000138     sysbios.aem4f : BIOS.obj (.text:ti_sysbios_family_arm_m3_Hwi_dispatchC__I)
                  00002e88    00000134                   : BIOS.obj (.text:ti_sysbios_knl_Clock_workFunc__E)
                  00002fbc    00000130     driverlib.lib : gpio.obj (.text:GPIOPadConfigSet)
                  000030ec    00000004     application_pem4f.oem4f (.text:ti_sysbios_heaps_HeapMem_Module_GateProxy_enter__E)
                  000030f0    0000011c     sysbios.aem4f : BIOS.obj (.text:ti_sysbios_knl_Swi_run__I)
                  0000320c    00000118     ti.targets.arm.rtsarm.aem4f : Error.oem4f (.text:xdc_runtime_Error_policyDefault__E)
                  00003324    00000100     I2Ctask.obj (.text:I2Cread_16)
                  00003424    00000100     ti.targets.arm.rtsarm.aem4f : Core-mem.oem4f (.text:xdc_runtime_Core_createObject__I)
                  00003524    000000fc     rtsv7M4_T_le_v4SPD16_eabi.lib : fd_mul_t2.obj (.text)
                  00003620    000000f8     ti.targets.arm.rtsarm.aem4f : Startup.oem4f (.text:xdc_runtime_Startup_startMods__I)
                  00003718    000000f8     application_pem4f.oem4f (.text:xdc_runtime_System_printfExtend__I)
                  00003810    000000f4     sysbios.aem4f : m3_Hwi_asm.obj (.text:ti_sysbios_family_arm_m3_Hwi_dispatch__I)
                  00003904    00000004     application_pem4f.oem4f (.text:ti_sysbios_heaps_HeapMem_Module_GateProxy_leave__E)
                  00003908    000000ec     sysbios.aem4f : BIOS.obj (.text:ti_sysbios_heaps_HeapBuf_Module_startup__E)
                  000039f4    000000e8     drivers_tivaware.aem4f : I2CTiva.oem4f (.text:I2CTiva_open)
                  00003adc    000000e0                            : SPITivaDMA.oem4f (.text:SPITivaDMA_open)
                  00003bbc    000000d6                            : I2CTiva.oem4f (.text:I2CTiva_hwiFxn)
                  00003c92    00000002     application_pem4f.oem4f (.text:ti_sysbios_BIOS_nullFunc__I)
                  00003c94    000000cc     EK_TM4C1294XL.obj (.text:EK_TM4C1294XL_initGeneral)
                  00003d60    000000cc     sysbios.aem4f : BIOS.obj (.text:ti_sysbios_knl_Task_schedule__I)
                  00003e2c    000000cc     ti.targets.arm.rtsarm.aem4f : Core-smem.oem4f (.text:xdc_runtime_Core_constructObject__I)
                  00003ef8    000000c4     sysbios.aem4f : BIOS.obj (.text:ti_sysbios_family_arm_m3_Hwi_Module_startup__E)
                  00003fbc    000000c0     drivers_tivaware.aem4f : SPITivaDMA.oem4f (.text:SPITivaDMA_configDMA)
                  0000407c    00000004     application_pem4f.oem4f (.text:ti_sysbios_knl_Clock_TimerProxy_getMaxTicks__E)
                  00004080    000000bc     sysbios.aem4f : BIOS.obj (.text:ti_sysbios_family_arm_m3_Hwi_excDebugMon__I)
                  0000413c    00000004     application_pem4f.oem4f (.text:ti_sysbios_knl_Queue_destruct)
                  00004140    000000bc     sysbios.aem4f : BIOS.obj (.text:ti_sysbios_family_arm_m3_Hwi_excHardFault__I)
                  000041fc    00000004     application_pem4f.oem4f (.text:ti_sysbios_knl_Semaphore_destruct)
                  00004200    000000bc     sysbios.aem4f : BIOS.obj (.text:ti_sysbios_knl_Task_startCore__E)
                  000042bc    00000004     ti.targets.arm.rtsarm.aem4f : Error.oem4f (.text:xdc_runtime_Error_getSite__E)
                  000042c0    000000b4     sysbios.aem4f : BIOS.obj (.text:ti_sysbios_gates_GateMutex_enter__E)
                  00004374    00000004     application_pem4f.oem4f (.text:xdc_runtime_System_Module_GateProxy_enter__E)
                  00004378    000000b4     sysbios.aem4f : BIOS.obj (.text:ti_sysbios_knl_Task_checkStacks__E)
                  0000442c    000000b0     I2Ctask.obj (.text:IRThermo_Task)
                  000044dc    00000004     application_pem4f.oem4f (.text:xdc_runtime_System_Module_GateProxy_leave__E)
                  000044e0    000000ac     sysbios.aem4f : BIOS.obj (.text:ti_sysbios_family_arm_lm4_Timer_enableTiva__I)
                  0000458c    00000004     ti.targets.arm.rtsarm.aem4f : System.oem4f (.text:xdc_runtime_System_aprintf_va__F)
                  00004590    000000ac     sysbios.aem4f : BIOS.obj (.text:ti_sysbios_knl_Swi_post__E)
                  0000463c    00000004     ti.targets.arm.rtsarm.aem4f : System.oem4f (.text:xdc_runtime_System_printf_va__F)
                  00004640    000000a8     sysbios.aem4f : BIOS.obj (.text:ti_sysbios_family_arm_lm4_Timer_enableTimers__I)
                  000046e8    000000a8                   : BIOS.obj (.text:ti_sysbios_knl_Task_blockI__E)
                  00004790    000000a8                   : BIOS.obj (.text:ti_sysbios_knl_Task_postInit__I)
                  00004838    000000a4     drivers_tivaware.aem4f : SPITivaDMA.oem4f (.text:SPITivaDMA_initHw)
                  000048dc    000000a0     auto_init.aem4f : auto_init.oem4f (.text)
                  0000497c    000000a0     ti.targets.arm.rtsarm.aem4f : Text.oem4f (.text:xdc_runtime_Text_putMod__E)
                  00004a1c    0000009c     rtsv7M4_T_le_v4SPD16_eabi.lib : memcpy_t2.obj (.text)
                  00004ab8    0000009c     sysbios.aem4f : BIOS.obj (.text:ti_sysbios_knl_Semaphore_Instance_init__E)
                  00004b54    0000009a     ti.targets.arm.rtsarm.aem4f : Text.oem4f (.text:xdc_runtime_Text_putSite__E)
                  00004bee    00000002     application_pem4f.oem4f (.text:xdc_runtime_Startup_reset__I)
                  00004bf0    00000098     Boot.aem4f : Boot.oem4f (.text:ti_catalog_arm_cortexm4_tiva_ce_Boot_sysCtlClockFreqSet__E)
                  00004c88    00000098     sysbios.aem4f : BIOS.obj (.text:ti_sysbios_knl_Mailbox_post__E)
                  00004d20    00000094                   : BIOS.obj (.text:ti_sysbios_family_arm_m3_Hwi_Instance_init__E)
                  00004db4    00000004     --HOLE-- [fill = 0]
                  00004db8    00000094                   : BIOS.obj (.text:ti_sysbios_family_arm_m3_Hwi_initNVIC__E)
                  00004e4c    00000004     --HOLE-- [fill = 0]
                  00004e50    00000094                   : BIOS.obj (.text:ti_sysbios_knl_Task_exit__E)
                  00004ee4    00000004     --HOLE-- [fill = 0]
                  00004ee8    00000090                   : BIOS.obj (.text:ti_sysbios_knl_Task_unblockI__E)
                  00004f78    0000008c     StartBIOS.obj (.text:main)
                  00005004    0000008c     sysbios.aem4f : m3_TaskSupport_asm.obj (.text:ti_sysbios_family_arm_m3_TaskSupport_buildTaskStack)
                  00005090    0000008c                   : BIOS.obj (.text:ti_sysbios_knl_Mailbox_pend__E)
                  0000511c    00000088     EK_TM4C1294XL.obj (.text:EK_TM4C1294XL_initDMA)
                  000051a4    00000088     EK_TM4C1294XL.obj (.text:EK_TM4C1294XL_initSPI)
                  0000522c    00000004     --HOLE-- [fill = 0]
                  00005230    00000088     sysbios.aem4f : BIOS.obj (.text:ti_sysbios_knl_Mailbox_Module_startup__E)
                  000052b8    00000084     driverlib.lib : udma.obj (.text:uDMAChannelTransferSet)
                  0000533c    0000007e     drivers_tivaware.aem4f : I2CTiva.oem4f (.text:I2CTiva_transfer)
                  000053ba    0000007a     rtsv7M4_T_le_v4SPD16_eabi.lib : memset_t2.obj (.text)
                  00005434    00000004     --HOLE-- [fill = 0]
                  00005438    00000074     sysbios.aem4f : BIOS.obj (.text:ti_sysbios_family_arm_m3_Hwi_postInit__I)
                  000054ac    00000070     I2Ctask.obj (.text:setup_IRThermo_Task)
                  0000551c    00000004     --HOLE-- [fill = 0]
                  00005520    00000070     sysbios.aem4f : BIOS.obj (.text:ti_sysbios_knl_Mailbox_Instance_finalize__E)
                  00005590    0000006c     ti.targets.arm.rtsarm.aem4f : Error.oem4f (.text:xdc_runtime_Error_print__E)
                  000055fc    0000006c                                 : Memory.oem4f (.text:xdc_runtime_Memory_alloc__E)
                  00005668    0000006a     rtsv7M4_T_le_v4SPD16_eabi.lib : copy_decompress_rle.obj (.text)
                  000056d2    00000002     --HOLE-- [fill = 0]
                  000056d4    00000068     EK_TM4C1294XL.obj (.text:EK_TM4C1294XL_initI2C)
                  0000573c    00000068     StartBIOS.obj (.text:createMailbox1)
                  000057a4    00000068     rtsv7M4_T_le_v4SPD16_eabi.lib : trgmsg.obj (.text)
                  0000580c    00000066     ti.targets.arm.rtsarm.aem4f : Core-mem.oem4f (.text:xdc_runtime_Core_deleteObject__I)
                  00005872    00000006     driverlib.lib : gpio.obj (.text:GPIOPinWrite)
                  00005878    00000064     sysbios.aem4f : BIOS.obj (.text:ti_sysbios_family_arm_lm4_Timer_Module_startup__E)
                  000058dc    00000064     application_pem4f.oem4f (.text:ti_sysbios_knl_Mailbox_create)
                  00005940    00000064     ti.targets.arm.rtsarm.aem4f : System.oem4f (.text:xdc_runtime_System_formatNum__I)
                  000059a4    00000062     drivers_tivaware.aem4f : I2CTiva.oem4f (.text:I2CTiva_primeTransfer)
                  00005a06    00000062                            : SPITivaDMA.oem4f (.text:SPITivaDMA_transfer)
                  00005a68    00000060     Blink_Task.obj (.text:setup_Output_Task)
                  00005ac8    00000060     sysbios.aem4f : BIOS.obj (.text:ti_sysbios_family_arm_lm4_Timer_isrStub__E)
                  00005b28    00000060                   : BIOS.obj (.text:ti_sysbios_knl_Clock_logTick__E)
                  00005b88    0000005c                   : BIOS.obj (.text:ti_sysbios_knl_Swi_restoreHwi__E)
                  00005be4    00000004     --HOLE-- [fill = 0]
                  00005be8    0000005c                   : BIOS.obj (.text:ti_sysbios_knl_Swi_schedule__I)
                  00005c44    0000005c     application_pem4f.oem4f (.text:ti_sysbios_knl_Task_create)
                  00005ca0    0000005b     ti.targets.arm.rtsarm.aem4f : Text.oem4f (.text:xdc_runtime_Text_putLab__E)
                  00005cfb    00000001     --HOLE-- [fill = 0]
                  00005cfc    00000058     boot.aem4f : boot.oem4f (.text)
                  00005d54    00000058     application_pem4f.oem4f (.text:ti_sysbios_family_arm_m3_Hwi_construct)
                  00005dac    00000058     sysbios.aem4f : m3_Hwi_asm_switch.obj (.text:ti_sysbios_family_arm_m3_Hwi_initStacks__E)
                  00005e04    00000054     ti.targets.arm.rtsarm.aem4f : Assert.oem4f (.text:xdc_runtime_Assert_raise__I)
                  00005e58    00000050     driverlib.lib : sysctl.obj (.text:SysCtlPeripheralReset)
                  00005ea8    00000050     Boot.aem4f : Boot_sysctl.oem4f (.text:_SysCtlFrequencyGet)
                  00005ef8    00000050     ti.targets.arm.rtsarm.aem4f : Startup.oem4f (.text:xdc_runtime_Startup_exec__E)
                  00005f48    00000050                                 : Text.oem4f (.text:xdc_runtime_Text_visitRope2__I)
                  00005f98    0000004c     rtsv7M4_T_le_v4SPD16_eabi.lib : cpy_tbl.obj (.text)
                  00005fe4    00000004     --HOLE-- [fill = 0]
                  00005fe8    0000004c     sysbios.aem4f : BIOS.obj (.text:ti_sysbios_heaps_HeapMem_getStats__E)
                  00006034    00000004     --HOLE-- [fill = 0]
                  00006038    0000004c                   : BIOS.obj (.text:ti_sysbios_knl_Swi_runLoop__I)
                  00006084    00000004     --HOLE-- [fill = 0]
                  00006088    0000004c                   : BIOS.obj (.text:ti_sysbios_knl_Task_allBlockedFunction__I)
                  000060d4    00000048     driverlib.lib : gpio.obj (.text:GPIOPinConfigure)
                  0000611c    00000048                   : i2c.obj (.text:I2CMasterInitExpClk)
                  00006164    00000048                   : sysctl.obj (.text:_SysCtlFrequencyGet)
                  000061ac    00000004     --HOLE-- [fill = 0]
                  000061b0    00000048     sysbios.aem4f : BIOS.obj (.text:ti_sysbios_family_arm_m3_Hwi_disableInterrupt__E)
                  000061f8    00000048                   : BIOS.obj (.text:ti_sysbios_family_arm_m3_Hwi_enableInterrupt__E)
                  00006240    00000048                   : BIOS.obj (.text:ti_sysbios_family_arm_m3_Hwi_excReserved__I)
                  00006288    00000046     ti.targets.arm.rtsarm.aem4f : Core-params.oem4f (.text:xdc_runtime_Core_assignParams__I)
                  000062ce    00000044     drivers_tivaware.aem4f : SPITivaDMA.oem4f (.text:SPITivaDMA_hwiFxn)
                  00006312    00000002     --HOLE-- [fill = 0]
                  00006314    00000044     rtsv7M4_T_le_v4SPD16_eabi.lib : exit.obj (.text)
                  00006358    00000044                                   : fd_tou_t2.obj (.text)
                  0000639c    00000004     --HOLE-- [fill = 0]
                  000063a0    00000044     sysbios.aem4f : BIOS.obj (.text:ti_sysbios_family_arm_lm4_Timer_stop__E)
                  000063e4    00000004     --HOLE-- [fill = 0]
                  000063e8    00000044                   : BIOS.obj (.text:ti_sysbios_family_arm_m3_Hwi_getStackInfo__E)
                  0000642c    00000004     --HOLE-- [fill = 0]
                  00006430    00000044                   : BIOS.obj (.text:ti_sysbios_knl_Mailbox_postInit__I)
                  00006474    00000044     ti.targets.arm.rtsarm.aem4f : Error.oem4f (.text:xdc_runtime_Error_setX__E)
                  000064b8    00000044                                 : SysMin.oem4f (.text:xdc_runtime_SysMin_flush__E)
                  000064fc    00000044                                 : Text.oem4f (.text:xdc_runtime_Text_xprintf__I)
                  00006540    00000042     drivers_tivaware.aem4f : SPITivaDMA.oem4f (.text:SPITivaDMA_transferCancel)
                  00006582    00000042     rtsv7M4_T_le_v4SPD16_eabi.lib : u_divt2.obj (.text)
                  000065c4    00000004     --HOLE-- [fill = 0]
                  000065c8    00000040     sysbios.aem4f : BIOS.obj (.text:ti_sysbios_family_arm_lm4_Timer_startup__E)
                  00006608    0000003c     drivers_tivaware.aem4f : SPITivaDMA.oem4f (.text:SPITivaDMA_close)
                  00006644    0000003c     driverlib.lib : ssi.obj (.text:SSIConfigSetExpClk)
                  00006680    0000003c     EK_TM4C1294XL.obj (.text:dmaErrorHwi)
                  000066bc    00000004     --HOLE-- [fill = 0]
                  000066c0    0000003c     sysbios.aem4f : BIOS.obj (.text:ti_sysbios_family_arm_m3_Hwi_excSvCall__I)
                  000066fc    00000004     --HOLE-- [fill = 0]
                  00006700    0000003c                   : BIOS.obj (.text:ti_sysbios_family_arm_m3_TaskSupport_start__E)
                  0000673c    00000004     --HOLE-- [fill = 0]
                  00006740    0000003c                   : BIOS.obj (.text:ti_sysbios_heaps_HeapMem_init__I)
                  0000677c    00000004     --HOLE-- [fill = 0]
                  00006780    0000003c                   : BIOS.obj (.text:ti_sysbios_knl_Swi_startup__E)
                  000067bc    0000003a     drivers_tivaware.aem4f : I2CTiva.oem4f (.text:I2CTiva_completeTransfer)
                  000067f6    00000002     --HOLE-- [fill = 0]
                  000067f8    00000038                            : I2C.oem4f (.text:I2C_init)
                  00006830    00000038                            : SPI.oem4f (.text:SPI_init)
                  00006868    00000038     sysbios.aem4f : BIOS.obj (.text:ti_sysbios_family_arm_m3_Hwi_excNoIsr__I)
                  000068a0    00000038                   : BIOS.obj (.text:ti_sysbios_knl_Task_processVitalTaskFlag__I)
                  000068d8    00000038     ti.targets.arm.rtsarm.aem4f : SysMin.oem4f (.text:xdc_runtime_SysMin_putch__E)
                  00006910    00000038                                 : System.oem4f (.text:xdc_runtime_System_atexit__E)
                  00006948    00000036     drivers_tivaware.aem4f : I2CTiva.oem4f (.text:I2CTiva_close)
                  0000697e    00000002     --HOLE-- [fill = 0]
                  00006980    00000034     driverlib.lib : sysctl.obj (.text:SysCtlPeripheralEnable)
                  000069b4    00000004     --HOLE-- [fill = 0]
                  000069b8    00000034     sysbios.aem4f : BIOS.obj (.text:ti_sysbios_family_arm_m3_Hwi_excNmi__I)
                  000069ec    00000004     --HOLE-- [fill = 0]
                  000069f0    00000034                   : BIOS.obj (.text:ti_sysbios_hal_Hwi_checkStack)
                  00006a24    00000034     ti.targets.arm.rtsarm.aem4f : Core-label.oem4f (.text:xdc_runtime_Core_assignLabel__I)
                  00006a58    00000033                                 : Text.oem4f (.text:xdc_runtime_Text_printVisFxn__I)
                  00006a8b    00000005     --HOLE-- [fill = 0]
                  00006a90    00000032     sysbios.aem4f : BIOS.obj (.text:ti_sysbios_hal_Hwi_initStack)
                  00006ac2    00000006     driverlib.lib : i2c.obj (.text:I2CMasterIntDisable)
                  00006ac8    00000032     sysbios.aem4f : BIOS.obj (.text:ti_sysbios_knl_Semaphore_pendTimeout__I)
                  00006afa    00000002     --HOLE-- [fill = 0]
                  00006afc    00000030     application_pem4f.oem4f (.text:ti_sysbios_BIOS_atExitFunc__I)
                  00006b2c    00000030     application_pem4f.oem4f (.text:ti_sysbios_gates_GateHwi_Object__create__S)
                  00006b5c    00000030     application_pem4f.oem4f (.text:ti_sysbios_gates_GateMutex_Object__create__S)
                  00006b8c    00000030     application_pem4f.oem4f (.text:ti_sysbios_heaps_HeapMem_Object__create__S)
                  00006bbc    00000030     application_pem4f.oem4f (.text:ti_sysbios_knl_Semaphore_construct)
                  00006bec    00000030     ti.targets.arm.rtsarm.aem4f : SysMin.oem4f (.text:xdc_runtime_SysMin_abort__E)
                  00006c1c    00000030                                 : System.oem4f (.text:xdc_runtime_System_processAtExit__E)
                  00006c4c    00000004     --HOLE-- [fill = 0]
                  00006c50    0000002c     sysbios.aem4f : BIOS.obj (.text:ti_sysbios_family_arm_m3_Hwi_Instance_finalize__E)
                  00006c7c    0000002c     application_pem4f.oem4f (.text:ti_sysbios_knl_Clock_doTick__I)
                  00006ca8    0000002c     application_pem4f.oem4f (.text:ti_sysbios_knl_Queue_construct)
                  00006cd4    00000004     --HOLE-- [fill = 0]
                  00006cd8    0000002c     sysbios.aem4f : BIOS.obj (.text:ti_sysbios_knl_Task_restore__E)
                  00006d04    0000002c     driverlib.lib : udma.obj (.text:uDMAChannelAssign)
                  00006d30    0000002c     ti.targets.arm.rtsarm.aem4f : Text.oem4f (.text:xdc_runtime_Text_cordText__E)
                  00006d5c    0000002a     driverlib.lib : gpio.obj (.text:GPIODirModeSet)
                  00006d86    0000002a     ti.targets.arm.rtsarm.aem4f : System.oem4f (.text:xdc_runtime_System_putchar__I)
                  00006db0    00000028     sysbios.aem4f : BIOS.obj (.text:ti_sysbios_knl_Swi_Module_startup__E)
                  00006dd8    00000026                   : m3_Hwi_asm.obj (.text:ti_sysbios_family_arm_m3_Hwi_pendSV__I)
                  00006dfe    00000026     ti.targets.arm.rtsarm.aem4f : System.oem4f (.text:xdc_runtime_System_avprintf__E)
                  00006e24    00000024     application_pem4f.oem4f (.text:ti_sysbios_BIOS_errorRaiseHook__I)
                  00006e48    00000024     application_pem4f.oem4f (.text:ti_sysbios_BIOS_registerRTSLock__I)
                  00006e6c    00000024     application_pem4f.oem4f (.text:ti_sysbios_BIOS_removeRTSLock__I)
                  00006e90    00000024     application_pem4f.oem4f (.text:ti_sysbios_BIOS_startFunc__I)
                  00006eb4    00000004     --HOLE-- [fill = 0]
                  00006eb8    00000024     sysbios.aem4f : BIOS.obj (.text:ti_sysbios_family_arm_m3_Hwi_doTaskRestore__I)
                  00006edc    00000024     application_pem4f.oem4f (.text:ti_sysbios_gates_GateMutex_Object__delete__S)
                  00006f00    00000024     sysbios.aem4f : BIOS.obj (.text:ti_sysbios_knl_Clock_Module_startup__E)
                  00006f24    00000024     driverlib.lib : udma.obj (.text:uDMAChannelControlSet)
                  00006f48    00000024     ti.targets.arm.rtsarm.aem4f : System.oem4f (.text:xdc_runtime_System_vprintf__E)
                  00006f6c    00000004     --HOLE-- [fill = 0]
                  00006f70    00000022     sysbios.aem4f : BIOS.obj (.text:ti_sysbios_family_arm_lm4_Timer_write__I)
                  00006f92    00000022     application_pem4f.oem4f (.text:xdc_runtime_SysMin_output__I)
                  00006fb4    00000020     Boot.aem4f : Boot_sysctl.oem4f (.text:_SysCtlMemTimingGet)
                  00006fd4    00000020     rtsv7M4_T_le_v4SPD16_eabi.lib : u_tofd_t2.obj (.text)
                  00006ff4    00000020     application_pem4f.oem4f (.text:ti_sysbios_BIOS_rtsLock__I)
                  00007014    00000004     --HOLE-- [fill = 0]
                  00007018    00000020     sysbios.aem4f : BIOS.obj (.text:ti_sysbios_family_arm_m3_Hwi_clearInterrupt__E)
                  00007038    00000020                   : m3_Hwi_asm.obj (.text:ti_sysbios_family_arm_m3_Hwi_excHandlerAsm__I)
                  00007058    00000020                   : BIOS.obj (.text:ti_sysbios_family_arm_m3_Hwi_excHandler__I)
                  00007078    00000020     application_pem4f.oem4f (.text:ti_sysbios_gates_GateHwi_Object__delete__S)
                  00007098    00000020     application_pem4f.oem4f (.text:ti_sysbios_heaps_HeapMem_Object__delete__S)
                  000070b8    00000020     sysbios.aem4f : BIOS.obj (.text:ti_sysbios_knl_Idle_run__E)
                  000070d8    00000020     application_pem4f.oem4f (.text:ti_sysbios_knl_Semaphore_Object__destruct__S)
                  000070f8    00000020     ti.targets.arm.rtsarm.aem4f : Registry.oem4f (.text:xdc_runtime_Registry_findById__E)
                  00007118    00000020                                 : SysMin.oem4f (.text:xdc_runtime_SysMin_Module_startup__E)
                  00007138    0000001e     sysbios.aem4f : m3_Hwi_asm_switch.obj (.text:ti_sysbios_family_xxx_Hwi_switchAndRunFunc)
                  00007156    00000002     --HOLE-- [fill = 0]
                  00007158    0000001c     driverlib.lib : sysctl.obj (.text:_SysCtlMemTimingGet)
                  00007174    0000001c     application_pem4f.oem4f (.text:ti_sysbios_family_arm_m3_Hwi_Object__destruct__S)
                  00007190    0000001c     sysbios.aem4f : BIOS.obj (.text:ti_sysbios_gates_GateMutex_Instance_init__E)
                  000071ac    0000001c     application_pem4f.oem4f (.text:ti_sysbios_knl_Queue_Object__destruct__S)
                  000071c8    0000001c     sysbios.aem4f : BIOS.obj (.text:ti_sysbios_knl_Task_enter__I)
                  000071e4    0000001c     ti.targets.arm.rtsarm.aem4f : Error.oem4f (.text:xdc_runtime_Error_raiseX__E)
                  00007200    0000001c                                 : Memory.oem4f (.text:xdc_runtime_Memory_valloc__E)
                  0000721c    0000001c                                 : SysMin.oem4f (.text:xdc_runtime_SysMin_exit__E)
                  00007238    0000001c                                 : System.oem4f (.text:xdc_runtime_System_abort__E)
                  00007254    0000001a     application_pem4f.oem4f (.text:ti_sysbios_family_arm_m3_Hwi_Handle__label__S)
                  0000726e    0000001a     application_pem4f.oem4f (.text:ti_sysbios_gates_GateHwi_Handle__label__S)
                  00007288    0000001a     application_pem4f.oem4f (.text:ti_sysbios_gates_GateMutex_Handle__label__S)
                  000072a2    0000001a     application_pem4f.oem4f (.text:ti_sysbios_heaps_HeapMem_Handle__label__S)
                  000072bc    0000001a     application_pem4f.oem4f (.text:ti_sysbios_knl_Swi_Handle__label__S)
                  000072d6    0000001a     application_pem4f.oem4f (.text:ti_sysbios_knl_Task_Handle__label__S)
                  000072f0    0000001a     sysbios.aem4f : BIOS.obj (.text:ti_sysbios_knl_Task_sleepTimeout__I)
                  0000730a    0000001a     application_pem4f.oem4f (.text:xdc_runtime_System_aprintf__E)
                  00007324    0000001a     application_pem4f.oem4f (.text:xdc_runtime_System_printf__E)
                  0000733e    00000018     driverlib.lib : gpio.obj (.text:GPIOPinTypeGPIOOutput)
                  00007356    00000002     --HOLE-- [fill = 0]
                  00007358    00000018     drivers_tivaware.aem4f : I2C.oem4f (.text:I2C_open)
                  00007370    00000018     rtsv7M4_T_le_v4SPD16_eabi.lib : args_main.obj (.text)
                  00007388    00000018     application_pem4f.oem4f (.text:ti_sysbios_BIOS_rtsUnlock__I)
                  000073a0    00000018     application_pem4f.oem4f (.text:ti_sysbios_family_arm_lm4_Timer_Module__startupDone__F)
                  000073b8    00000018     application_pem4f.oem4f (.text:ti_sysbios_family_arm_m3_Hwi_Module__startupDone__F)
                  000073d0    00000018     sysbios.aem4f : m3_TaskSupport_asm.obj (.text:ti_sysbios_family_arm_m3_TaskSupport_swap__E)
                  000073e8    00000018                   : BIOS.obj (.text:ti_sysbios_gates_GateMutex_leave__E)
                  00007400    00000018     driverlib.lib : udma.obj (.text:uDMAChannelDisable)
                  00007418    00000018                   : udma.obj (.text:uDMAChannelEnable)
                  00007430    00000018                   : udma.obj (.text:uDMAChannelIsEnabled)
                  00007448    00000018     ti.targets.arm.rtsarm.aem4f : Error.oem4f (.text:xdc_runtime_Error_check__E)
                  00007460    00000018                                 : System.oem4f (.text:xdc_runtime_System_exit__E)
                  00007478    00000018                                 : Text.oem4f (.text:xdc_runtime_Text_ropeText__E)
                  00007490    00000016     driverlib.lib : i2c.obj (.text:I2CMasterErr)
                  000074a6    00000016     application_pem4f.oem4f (.text:ti_sysbios_BIOS_exitFunc__I)
                  000074bc    00000016     EK_TM4C1294XL.obj (.text:ti_sysbios_family_arm_m3_Hwi_Params_init)
                  000074d2    00000016     StartBIOS.obj (.text:ti_sysbios_knl_Mailbox_Params_init)
                  000074e8    00000016     Blink_Task.obj (.text:ti_sysbios_knl_Task_Params_init)
                  000074fe    00000016     I2Ctask.obj (.text:ti_sysbios_knl_Task_Params_init)
                  00007514    00000014     rtsv7M4_T_le_v4SPD16_eabi.lib : _lock.obj (.text)
                  00007528    00000014                                   : strcpy.obj (.text)
                  0000753c    00000014                                   : strlen.obj (.text)
                  00007550    00000014     application_pem4f.oem4f (.text:ti_sysbios_family_arm_m3_Hwi_Object__get__S)
                  00007564    00000004     --HOLE-- [fill = 0]
                  00007568    00000014     sysbios.aem4f : BIOS.obj (.text:ti_sysbios_family_arm_m3_Hwi_switchFromBootStack__E)
                  0000757c    00000014     application_pem4f.oem4f (.text:ti_sysbios_heaps_HeapMem_Object__get__S)
                  00007590    00000014     application_pem4f.oem4f (.text:ti_sysbios_knl_Swi_Object__get__S)
                  000075a4    00000012     driverlib.lib : gpio.obj (.text:GPIOPinTypeI2C)
                  000075b6    00000012                   : gpio.obj (.text:GPIOPinTypeI2CSCL)
                  000075c8    00000012                   : gpio.obj (.text:GPIOPinTypeSSI)
                  000075da    00000012                   : gpio.obj (.text:GPIOPinTypeTimer)
                  000075ec    00000012                   : ssi.obj (.text:SSIDataGetNonBlocking)
                  000075fe    00000002     --HOLE-- [fill = 0]
                  00007600    00000012     sysbios.aem4f : BIOS.obj (.text:ti_sysbios_hal_Hwi_Module_startup__E)
                  00007612    00000006     driverlib.lib : i2c.obj (.text:I2CMasterIntEnable)
                  00007618    00000012     sysbios.aem4f : BIOS.obj (.text:ti_sysbios_hal_Timer_Module_startup__E)
                  0000762a    00000012     application_pem4f.oem4f (.text:xdc_runtime_Startup_exec__I)
                  0000763c    00000010     application_pem4f.oem4f (.text:.bootCodeSection:ti_catalog_arm_cortexm4_tiva_ce_Boot_init__I)
                  0000764c    00000010     drivers_tivaware.aem4f : I2C.oem4f (.text:I2C_Params_init)
                  0000765c    00000004     --HOLE-- [fill = 0]
                  00007660    00000010     sysbios.aem4f : BIOS.obj (.text:ti_sysbios_BIOS_getCpuFreq__E)
                  00007670    00000010                   : BIOS.obj (.text:ti_sysbios_BIOS_setThreadType__E)
                  00007680    00000010                   : BIOS.obj (.text:ti_sysbios_BIOS_start__E)
                  00007690    00000010                   : m3_TaskSupport_asm.obj (.text:ti_sysbios_family_arm_m3_TaskSupport_glue)
                  000076a0    00000010                   : BIOS.obj (.text:ti_sysbios_gates_GateMutex_Instance_finalize__E)
                  000076b0    00000010     application_pem4f.oem4f (.text:ti_sysbios_heaps_HeapBuf_Object__get__S)
                  000076c0    00000010     application_pem4f.oem4f (.text:ti_sysbios_knl_Mailbox_Object__get__S)
                  000076d0    00000010     sysbios.aem4f : BIOS.obj (.text:ti_sysbios_knl_Semaphore_Instance_finalize__E)
                  000076e0    00000010                   : BIOS.obj (.text:ti_sysbios_knl_Swi_disable__E)
                  000076f0    00000010     application_pem4f.oem4f (.text:ti_sysbios_knl_Task_Object__get__S)
                  00007700    00000010     sysbios.aem4f : BIOS.obj (.text:ti_sysbios_knl_Task_disable__E)
                  00007710    00000010     driverlib.lib : udma.obj (.text:uDMAEnable)
                  00007720    00000010     ti.targets.arm.rtsarm.aem4f : Gate.oem4f (.text:xdc_runtime_Gate_leaveSystem__E)
                  00007730    00000010                                 : Memory.oem4f (.text:xdc_runtime_Memory_free__E)
                  00007740    00000010                                 : SysMin.oem4f (.text:xdc_runtime_SysMin_ready__E)
                  00007750    00000010                                 : System.oem4f (.text:xdc_runtime_System_vsnprintf__E)
                  00007760    00000010     application_pem4f.oem4f (.text:xdc_runtime_Text_visitRope__I)
                  00007770    0000000e     rtsv7M4_T_le_v4SPD16_eabi.lib : copy_decompress_none.obj (.text:decompress:none)
                  0000777e    00000002     --HOLE-- [fill = 0]
                  00007780    0000000e     sysbios.aem4f : BIOS.obj (.text:ti_sysbios_knl_Idle_loop__E)
                  0000778e    00000002     --HOLE-- [fill = 0]
                  00007790    0000000e                   : BIOS.obj (.text:ti_sysbios_knl_Queue_empty__E)
                  0000779e    0000000c     rtsv7M4_T_le_v4SPD16_eabi.lib : copy_zero_init.obj (.text:decompress:ZI)
                  000077aa    00000006     drivers_tivaware.aem4f : I2CTiva.oem4f (.text:I2CTiva_control)
                  000077b0    0000000c     sysbios.aem4f : BIOS.obj (.text:ti_sysbios_family_arm_lm4_Timer_getMaxTicks__E)
                  000077bc    0000000c     application_pem4f.oem4f (.text:ti_sysbios_family_arm_m3_Hwi_Params__init__S)
                  000077c8    0000000c     sysbios.aem4f : BIOS.obj (.text:ti_sysbios_family_arm_m3_Hwi_disableFxn__E)
                  000077d4    00000004     --HOLE-- [fill = 0]
                  000077d8    0000000c                   : BIOS.obj (.text:ti_sysbios_family_arm_m3_TaskSupport_checkStack__E)
                  000077e4    00000004     --HOLE-- [fill = 0]
                  000077e8    0000000c                   : BIOS.obj (.text:ti_sysbios_family_arm_m3_TaskSupport_getStackAlignment__E)
                  000077f4    00000004     --HOLE-- [fill = 0]
                  000077f8    0000000c                   : BIOS.obj (.text:ti_sysbios_gates_GateHwi_enter__E)
                  00007804    0000000c     application_pem4f.oem4f (.text:ti_sysbios_knl_Mailbox_Params__init__S)
                  00007810    0000000c     application_pem4f.oem4f (.text:ti_sysbios_knl_Queue_Object__get__S)
                  0000781c    0000000c     application_pem4f.oem4f (.text:ti_sysbios_knl_Semaphore_Params__init__S)
                  00007828    0000000c     application_pem4f.oem4f (.text:ti_sysbios_knl_Task_Params__init__S)
                  00007834    0000000c     driverlib.lib : udma.obj (.text:uDMAControlBaseSet)
                  00007840    0000000c                   : udma.obj (.text:uDMAErrorStatusClear)
                  0000784c    0000000c                   : udma.obj (.text:uDMAErrorStatusGet)
                  00007858    0000000c                   : udma.obj (.text:uDMAIntStatus)
                  00007864    0000000c     ti.targets.arm.rtsarm.aem4f : Error.oem4f (.text:xdc_runtime_Error_init__E)
                  00007870    0000000c                                 : Gate.oem4f (.text:xdc_runtime_Gate_enterSystem__E)
                  0000787c    0000000c                                 : Memory.oem4f (.text:xdc_runtime_Memory_calloc__E)
                  00007888    0000000c                                 : Memory.oem4f (.text:xdc_runtime_Memory_getMaxDefaultTypeAlign__E)
                  00007894    0000000a     driverlib.lib : i2c.obj (.text:I2CMasterDisable)
                  0000789e    0000000a                   : i2c.obj (.text:I2CMasterEnable)
                  000078a8    0000000a     drivers_tivaware.aem4f : I2CTiva.oem4f (.text:I2CTiva_init)
                  000078b2    0000000a                            : I2C.oem4f (.text:I2C_transfer)
                  000078bc    0000000a                            : SPITivaDMA.oem4f (.text:SPITivaDMA_init)
                  000078c6    0000000a     driverlib.lib : ssi.obj (.text:SSIDMADisable)
                  000078d0    0000000a                   : ssi.obj (.text:SSIDataPut)
                  000078da    0000000a                   : ssi.obj (.text:SSIDisable)
                  000078e4    0000000a                   : ssi.obj (.text:SSIEnable)
                  000078ee    0000000a                   : ssi.obj (.text:SSIIntDisable)
                  000078f8    0000000a     application_pem4f.oem4f (.text:xdc_runtime_IHeap_alloc)
                  00007902    0000000a     application_pem4f.oem4f (.text:xdc_runtime_IHeap_free)
                  0000790c    00000008     driverlib.lib : i2c.obj (.text:I2CMasterIntClear)
                  00007914    00000008                   : i2c.obj (.text:I2CMasterSlaveAddrSet)
                  0000791c    00000008     drivers_tivaware.aem4f : I2CTiva.oem4f (.text:I2CTiva_blockingCallback)
                  00007924    00000008     driverlib.lib : ssi.obj (.text:SSIBusy)
                  0000792c    00000008                   : ssi.obj (.text:SSIDMAEnable)
                  00007934    00000008                   : ssi.obj (.text:SSIIntEnable)
                  0000793c    00000008     sysbios.aem4f : BIOS.obj (.text:ti_sysbios_family_arm_lm4_Timer_masterDisable__I)
                  00007944    00000004     --HOLE-- [fill = 0]
                  00007948    00000008                   : BIOS.obj (.text:ti_sysbios_family_arm_m3_Hwi_doSwiRestore__I)
                  00007950    00000008                   : BIOS.obj (.text:ti_sysbios_family_arm_m3_Hwi_startup__E)
                  00007958    00000006     drivers_tivaware.aem4f : SPITivaDMA.oem4f (.text:SPITivaDMA_control)
                  0000795e    00000006                            : SPITivaDMA.oem4f (.text:SPITivaDMA_transferCallback)
                  00007964    00000006     driverlib.lib : ssi.obj (.text:SSIClockSourceSet)
                  0000796a    00000006     ti.targets.arm.rtsarm.aem4f : xdc_noinit.oem4f (.text:__xdc__init)
                  00007970    00000006     rtsv7M4_T_le_v4SPD16_eabi.lib : copy_decompress_rle.obj (.text:decompress:rle24)
                  00007976    00000002     --HOLE-- [fill = 0]
                  00007978    00000006     sysbios.aem4f : BIOS.obj (.text:ti_sysbios_family_arm_m3_Hwi_restoreFxn__E)
                  0000797e    00000002     --HOLE-- [fill = 0]
                  00007980    00000006                   : BIOS.obj (.text:ti_sysbios_gates_GateHwi_leave__E)
                  00007986    00000002     --HOLE-- [fill = 0]
                  00007988    00000006                   : BIOS.obj (.text:ti_sysbios_heaps_HeapMem_isBlocking__E)
                  0000798e    00000002     --HOLE-- [fill = 0]
                  00007990    00000006                   : BIOS.obj (.text:ti_sysbios_knl_Queue_Instance_init__E)
                  00007996    00000006     ti.targets.arm.rtsarm.aem4f : System.oem4f (.text:xdc_runtime_System_Module_startup__E)
                  0000799c    00000004     --HOLE-- [fill = 0]
                  000079a0    00000004     sysbios.aem4f : BIOS.obj (.text:ti_sysbios_gates_GateHwi_query__E)
                  000079a4    00000004     --HOLE-- [fill = 0]
                  000079a8    00000004                   : BIOS.obj (.text:ti_sysbios_gates_GateMutex_query__E)
                  000079ac    00000004     --HOLE-- [fill = 0]
                  000079b0    00000004                   : BIOS.obj (.text:ti_sysbios_knl_Task_startup__E)
                  000079b4    00000004     --HOLE-- [fill = 0]
                  000079b8    00000002                   : BIOS.obj (.text:ti_sysbios_gates_GateHwi_Instance_init__E)

.const     0    000079bc    000024fe     
                  000079bc    00001899     application_pem4f.oem4f (.const:xdc_runtime_Text_charTab__A)
                  00009255    00000001     application_pem4f.oem4f (.const:xdc_runtime_Error_policy__C)
                  00009256    00000002     application_pem4f.oem4f (.const:ti_catalog_arm_cortexm4_tiva_ce_Boot_Module__id__C)
                  00009258    00000120     Boot.aem4f : Boot_sysctl.oem4f (.const:g_pppui32XTALtoVCO)
                  00009378    00000120     driverlib.lib : sysctl.obj (.const:g_pppui32XTALtoVCO)
                  00009498    000000cc     application_pem4f.oem4f (.const:xdc_runtime_Text_nodeTab__A)
                  00009564    00000090     driverlib.lib : gpio.obj (.const:g_pui32GPIOBaseAddrs)
                  000095f4    0000006c     Boot.aem4f : Boot_sysctl.oem4f (.const:g_pui32Xtals)
                  00009660    0000006c     driverlib.lib : sysctl.obj (.const:g_pui32Xtals)
                  000096cc    00000064     drivers_tivaware.aem4f : SPITivaDMA.oem4f (.const)
                  00009730    00000050     EK_TM4C1294XL.obj (.const:spiTivaDMAHWAttrs)
                  00009780    00000048     application_pem4f.oem4f (.const:.string)
                  000097c8    0000003c     application_pem4f.oem4f (.const:ti_sysbios_knl_Task_Object__PARAMS__C)
                  00009804    00000034     application_pem4f.oem4f (.const:ti_sysbios_knl_Mailbox_Object__PARAMS__C)
                  00009838    00000030     Boot.aem4f : Boot_sysctl.oem4f (.const:g_sXTALtoMEMTIM)
                  00009868    00000030     driverlib.lib : sysctl.obj (.const:g_sXTALtoMEMTIM)
                  00009898    00000030     application_pem4f.oem4f (.const:ti_sysbios_family_arm_m3_Hwi_Object__PARAMS__C)
                  000098c8    0000002c     application_pem4f.oem4f (.const:xdc_runtime_Startup_sfxnTab__A)
                  000098f4    00000028     application_pem4f.oem4f (.const:ti_sysbios_heaps_HeapMem_Module__FXNS__C)
                  0000991c    00000024     EK_TM4C1294XL.obj (.const:I2C_config)
                  00009940    00000024     EK_TM4C1294XL.obj (.const:SPI_config)
                  00009964    00000024     application_pem4f.oem4f (.const:ti_sysbios_gates_GateHwi_Module__FXNS__C)
                  00009988    00000024     application_pem4f.oem4f (.const:ti_sysbios_gates_GateMutex_Module__FXNS__C)
                  000099ac    00000024     application_pem4f.oem4f (.const:ti_sysbios_heaps_HeapMem_Object__PARAMS__C)
                  000099d0    00000024     application_pem4f.oem4f (.const:ti_sysbios_knl_Semaphore_Object__PARAMS__C)
                  000099f4    00000020     drivers_tivaware.aem4f : SPI.oem4f (.const)
                  00009a14    00000020     application_pem4f.oem4f (.const:ti_sysbios_family_arm_m3_Hwi_Object__DESC__C)
                  00009a34    00000020     application_pem4f.oem4f (.const:ti_sysbios_gates_GateHwi_Object__DESC__C)
                  00009a54    00000020     application_pem4f.oem4f (.const:ti_sysbios_gates_GateMutex_Object__DESC__C)
                  00009a74    00000020     application_pem4f.oem4f (.const:ti_sysbios_heaps_HeapMem_Object__DESC__C)
                  00009a94    00000020     application_pem4f.oem4f (.const:ti_sysbios_knl_Mailbox_Object__DESC__C)
                  00009ab4    00000020     application_pem4f.oem4f (.const:ti_sysbios_knl_Queue_Object__DESC__C)
                  00009ad4    00000020     application_pem4f.oem4f (.const:ti_sysbios_knl_Semaphore_Object__DESC__C)
                  00009af4    00000020     application_pem4f.oem4f (.const:ti_sysbios_knl_Task_Object__DESC__C)
                  00009b14    0000001c     drivers_tivaware.aem4f : I2CTiva.oem4f (.const)
                  00009b30    00000018     EK_TM4C1294XL.obj (.const:i2cTivaHWAttrs)
                  00009b48    00000018     application_pem4f.oem4f (.const:ti_sysbios_gates_GateHwi_Object__PARAMS__C)
                  00009b60    00000018     application_pem4f.oem4f (.const:ti_sysbios_gates_GateMutex_Object__PARAMS__C)
                  00009b78    00000018     application_pem4f.oem4f (.const:ti_sysbios_knl_Queue_Object__PARAMS__C)
                  00009b90    00000016     application_pem4f.oem4f (.const:xdc_runtime_Startup_sfxnRts__A)
                  00009ba6    00000002     application_pem4f.oem4f (.const:ti_sysbios_family_arm_m3_Hwi_Module__id__C)
                  00009ba8    00000014     application_pem4f.oem4f (.const:xdc_runtime_Startup_firstFxns__A)
                  00009bbc    00000011     ti.targets.arm.rtsarm.aem4f : System.oem4f (.const:.string)
                  00009bcd    00000001     --HOLE-- [fill = 0]
                  00009bce    00000002     application_pem4f.oem4f (.const:ti_sysbios_family_arm_m3_Hwi_Module__loggerDefined__C)
                  00009bd0    00000010     drivers_tivaware.aem4f : I2C.oem4f (.const)
                  00009be0    0000000a     Blink_Task.obj (.const:.string)
                  00009bea    00000002     application_pem4f.oem4f (.const:ti_sysbios_gates_GateMutex_Module__id__C)
                  00009bec    00000008     Boot.aem4f : Boot_sysctl.oem4f (.const)
                  00009bf4    00000008     driverlib.lib : sysctl.obj (.const)
                  00009bfc    00000008     application_pem4f.oem4f (.const:ti_sysbios_family_arm_m3_Hwi_excHookFuncs__A)
                  00009c04    00000008     application_pem4f.oem4f (.const:ti_sysbios_knl_Idle_funcList__C)
                  00009c0c    00000008     application_pem4f.oem4f (.const:xdc_runtime_Startup_firstFxns__C)
                  00009c14    00000008     application_pem4f.oem4f (.const:xdc_runtime_Startup_lastFxns__C)
                  00009c1c    00000004     application_pem4f.oem4f (.const:ti_catalog_arm_cortexm4_tiva_ce_Boot_A_mustNotUseEnhancedClockMode__C)
                  00009c20    00000004     application_pem4f.oem4f (.const:ti_catalog_arm_cortexm4_tiva_ce_Boot_Module__diagsEnabled__C)
                  00009c24    00000004     application_pem4f.oem4f (.const:ti_catalog_arm_cortexm4_tiva_ce_Boot_Module__diagsIncluded__C)
                  00009c28    00000004     application_pem4f.oem4f (.const:ti_catalog_arm_cortexm4_tiva_ce_Boot_Module__diagsMask__C)
                  00009c2c    00000004     application_pem4f.oem4f (.const:ti_sysbios_family_arm_lm4_Timer_enableFunc__C)
                  00009c30    00000004     application_pem4f.oem4f (.const:ti_sysbios_family_arm_lm4_Timer_numTimerDevices__C)
                  00009c34    00000004     application_pem4f.oem4f (.const:ti_sysbios_family_arm_lm4_Timer_startupNeeded__C)
                  00009c38    00000004     application_pem4f.oem4f (.const:ti_sysbios_family_arm_m3_Hwi_E_NMI__C)
                  00009c3c    00000004     application_pem4f.oem4f (.const:ti_sysbios_family_arm_m3_Hwi_E_alreadyDefined__C)
                  00009c40    00000004     application_pem4f.oem4f (.const:ti_sysbios_family_arm_m3_Hwi_E_busFault__C)
                  00009c44    00000004     application_pem4f.oem4f (.const:ti_sysbios_family_arm_m3_Hwi_E_debugMon__C)
                  00009c48    00000004     application_pem4f.oem4f (.const:ti_sysbios_family_arm_m3_Hwi_E_hardFault__C)
                  00009c4c    00000004     application_pem4f.oem4f (.const:ti_sysbios_family_arm_m3_Hwi_E_memFault__C)
                  00009c50    00000004     application_pem4f.oem4f (.const:ti_sysbios_family_arm_m3_Hwi_E_noIsr__C)
                  00009c54    00000004     application_pem4f.oem4f (.const:ti_sysbios_family_arm_m3_Hwi_E_reserved__C)
                  00009c58    00000004     application_pem4f.oem4f (.const:ti_sysbios_family_arm_m3_Hwi_E_svCall__C)
                  00009c5c    00000004     application_pem4f.oem4f (.const:ti_sysbios_family_arm_m3_Hwi_E_usageFault__C)
                  00009c60    00000004     application_pem4f.oem4f (.const:ti_sysbios_family_arm_m3_Hwi_LD_end__C)
                  00009c64    00000004     application_pem4f.oem4f (.const:ti_sysbios_family_arm_m3_Hwi_LM_begin__C)
                  00009c68    00000004     application_pem4f.oem4f (.const:ti_sysbios_family_arm_m3_Hwi_Module__diagsEnabled__C)
                  00009c6c    00000004     application_pem4f.oem4f (.const:ti_sysbios_family_arm_m3_Hwi_Module__diagsIncluded__C)
                  00009c70    00000004     application_pem4f.oem4f (.const:ti_sysbios_family_arm_m3_Hwi_Module__diagsMask__C)
                  00009c74    00000004     application_pem4f.oem4f (.const:ti_sysbios_family_arm_m3_Hwi_Module__loggerFxn1__C)
                  00009c78    00000004     application_pem4f.oem4f (.const:ti_sysbios_family_arm_m3_Hwi_Module__loggerFxn8__C)
                  00009c7c    00000004     application_pem4f.oem4f (.const:ti_sysbios_family_arm_m3_Hwi_Module__loggerObj__C)
                  00009c80    00000004     application_pem4f.oem4f (.const:ti_sysbios_family_arm_m3_Hwi_NUM_INTERRUPTS__C)
                  00009c84    00000004     application_pem4f.oem4f (.const:ti_sysbios_family_arm_m3_Hwi_Object__count__C)
                  00009c88    00000004     application_pem4f.oem4f (.const:ti_sysbios_family_arm_m3_Hwi_ccr__C)
                  00009c8c    00000004     application_pem4f.oem4f (.const:ti_sysbios_family_arm_m3_Hwi_excHandlerFunc__C)
                  00009c90    00000004     application_pem4f.oem4f (.const:ti_sysbios_family_arm_m3_Hwi_excHookFuncs__C)
                  00009c94    00000004     application_pem4f.oem4f (.const:ti_sysbios_family_arm_m3_Hwi_nullIsrFunc__C)
                  00009c98    00000004     application_pem4f.oem4f (.const:ti_sysbios_family_arm_m3_Hwi_priGroup__C)
                  00009c9c    00000004     application_pem4f.oem4f (.const:ti_sysbios_family_arm_m3_TaskSupport_stackAlignment__C)
                  00009ca0    00000004     application_pem4f.oem4f (.const:ti_sysbios_gates_GateMutex_A_badContext__C)
                  00009ca4    00000004     application_pem4f.oem4f (.const:ti_sysbios_gates_GateMutex_Instance_State_sem__O)
                  00009ca8    00000004     application_pem4f.oem4f (.const:ti_sysbios_gates_GateMutex_Module__diagsEnabled__C)
                  00009cac    00000004     application_pem4f.oem4f (.const:ti_sysbios_gates_GateMutex_Module__diagsIncluded__C)
                  00009cb0    00000004     application_pem4f.oem4f (.const:ti_sysbios_gates_GateMutex_Module__diagsMask__C)
                  00009cb4    00000004     application_pem4f.oem4f (.const:ti_sysbios_hal_Hwi_E_stackOverflow__C)
                  00009cb8    00000004     application_pem4f.oem4f (.const:ti_sysbios_heaps_HeapBuf_Instance_State_freeList__O)
                  00009cbc    00000004     application_pem4f.oem4f (.const:ti_sysbios_heaps_HeapBuf_Object__count__C)
                  00009cc0    00000004     application_pem4f.oem4f (.const:ti_sysbios_heaps_HeapBuf_numConstructedHeaps__C)
                  00009cc4    00000004     application_pem4f.oem4f (.const:ti_sysbios_heaps_HeapMem_A_align__C)
                  00009cc8    00000004     application_pem4f.oem4f (.const:ti_sysbios_heaps_HeapMem_A_heapSize__C)
                  00009ccc    00000004     application_pem4f.oem4f (.const:ti_sysbios_heaps_HeapMem_A_invalidFree__C)
                  00009cd0    00000004     application_pem4f.oem4f (.const:ti_sysbios_heaps_HeapMem_A_zeroBlock__C)
                  00009cd4    00000004     application_pem4f.oem4f (.const:ti_sysbios_heaps_HeapMem_E_memory__C)
                  00009cd8    00000004     application_pem4f.oem4f (.const:ti_sysbios_heaps_HeapMem_Module__diagsEnabled__C)
                  00009cdc    00000004     application_pem4f.oem4f (.const:ti_sysbios_heaps_HeapMem_Module__diagsIncluded__C)
                  00009ce0    00000004     application_pem4f.oem4f (.const:ti_sysbios_heaps_HeapMem_Module__diagsMask__C)
                  00009ce4    00000004     application_pem4f.oem4f (.const:ti_sysbios_heaps_HeapMem_Module__gateObj__C)
                  00009ce8    00000004     application_pem4f.oem4f (.const:ti_sysbios_heaps_HeapMem_Object__count__C)
                  00009cec    00000004     application_pem4f.oem4f (.const:ti_sysbios_heaps_HeapMem_reqAlign__C)
                  00009cf0    00000004     application_pem4f.oem4f (.const:ti_sysbios_knl_Clock_LM_begin__C)
                  00009cf4    00000004     application_pem4f.oem4f (.const:ti_sysbios_knl_Clock_LM_tick__C)
                  00009cf8    00000004     application_pem4f.oem4f (.const:ti_sysbios_knl_Clock_LW_delayed__C)
                  00009cfc    00000004     application_pem4f.oem4f (.const:ti_sysbios_knl_Clock_Module_State_clockQ__O)
                  00009d00    00000004     application_pem4f.oem4f (.const:ti_sysbios_knl_Clock_Module__diagsEnabled__C)
                  00009d04    00000004     application_pem4f.oem4f (.const:ti_sysbios_knl_Clock_Module__diagsIncluded__C)
                  00009d08    00000004     application_pem4f.oem4f (.const:ti_sysbios_knl_Clock_Module__diagsMask__C)
                  00009d0c    00000004     application_pem4f.oem4f (.const:ti_sysbios_knl_Clock_Module__loggerFxn1__C)
                  00009d10    00000004     application_pem4f.oem4f (.const:ti_sysbios_knl_Clock_Module__loggerFxn2__C)
                  00009d14    00000004     application_pem4f.oem4f (.const:ti_sysbios_knl_Clock_Module__loggerObj__C)
                  00009d18    00000004     application_pem4f.oem4f (.const:ti_sysbios_knl_Idle_funcList__A)
                  00009d1c    00000004     application_pem4f.oem4f (.const:ti_sysbios_knl_Mailbox_A_invalidBufSize__C)
                  00009d20    00000004     application_pem4f.oem4f (.const:ti_sysbios_knl_Mailbox_Instance_State_dataQue__O)
                  00009d24    00000004     application_pem4f.oem4f (.const:ti_sysbios_knl_Mailbox_Instance_State_dataSem__O)
                  00009d28    00000004     application_pem4f.oem4f (.const:ti_sysbios_knl_Mailbox_Instance_State_freeQue__O)
                  00009d2c    00000004     application_pem4f.oem4f (.const:ti_sysbios_knl_Mailbox_Instance_State_freeSem__O)
                  00009d30    00000004     application_pem4f.oem4f (.const:ti_sysbios_knl_Mailbox_Module__diagsEnabled__C)
                  00009d34    00000004     application_pem4f.oem4f (.const:ti_sysbios_knl_Mailbox_Module__diagsIncluded__C)
                  00009d38    00000004     application_pem4f.oem4f (.const:ti_sysbios_knl_Mailbox_Module__diagsMask__C)
                  00009d3c    00000004     application_pem4f.oem4f (.const:ti_sysbios_knl_Mailbox_Object__count__C)
                  00009d40    00000004     application_pem4f.oem4f (.const:ti_sysbios_knl_Mailbox_maxTypeAlign__C)
                  00009d44    00000004     application_pem4f.oem4f (.const:ti_sysbios_knl_Semaphore_A_badContext__C)
                  00009d48    00000004     application_pem4f.oem4f (.const:ti_sysbios_knl_Semaphore_A_noEvents__C)
                  00009d4c    00000004     application_pem4f.oem4f (.const:ti_sysbios_knl_Semaphore_A_overflow__C)
                  00009d50    00000004     application_pem4f.oem4f (.const:ti_sysbios_knl_Semaphore_A_pendTaskDisabled__C)
                  00009d54    00000004     application_pem4f.oem4f (.const:ti_sysbios_knl_Semaphore_Instance_State_pendQ__O)
                  00009d58    00000004     application_pem4f.oem4f (.const:ti_sysbios_knl_Semaphore_LM_pend__C)
                  00009d5c    00000004     application_pem4f.oem4f (.const:ti_sysbios_knl_Semaphore_LM_post__C)
                  00009d60    00000004     application_pem4f.oem4f (.const:ti_sysbios_knl_Semaphore_Module__diagsEnabled__C)
                  00009d64    00000004     application_pem4f.oem4f (.const:ti_sysbios_knl_Semaphore_Module__diagsIncluded__C)
                  00009d68    00000004     application_pem4f.oem4f (.const:ti_sysbios_knl_Semaphore_Module__diagsMask__C)
                  00009d6c    00000004     application_pem4f.oem4f (.const:ti_sysbios_knl_Semaphore_Module__loggerFxn2__C)
                  00009d70    00000004     application_pem4f.oem4f (.const:ti_sysbios_knl_Semaphore_Module__loggerFxn4__C)
                  00009d74    00000004     application_pem4f.oem4f (.const:ti_sysbios_knl_Semaphore_Module__loggerObj__C)
                  00009d78    00000004     application_pem4f.oem4f (.const:ti_sysbios_knl_Swi_LD_end__C)
                  00009d7c    00000004     application_pem4f.oem4f (.const:ti_sysbios_knl_Swi_LM_begin__C)
                  00009d80    00000004     application_pem4f.oem4f (.const:ti_sysbios_knl_Swi_LM_post__C)
                  00009d84    00000004     application_pem4f.oem4f (.const:ti_sysbios_knl_Swi_Module__diagsEnabled__C)
                  00009d88    00000004     application_pem4f.oem4f (.const:ti_sysbios_knl_Swi_Module__diagsIncluded__C)
                  00009d8c    00000004     application_pem4f.oem4f (.const:ti_sysbios_knl_Swi_Module__diagsMask__C)
                  00009d90    00000004     application_pem4f.oem4f (.const:ti_sysbios_knl_Swi_Module__loggerFxn1__C)
                  00009d94    00000004     application_pem4f.oem4f (.const:ti_sysbios_knl_Swi_Module__loggerFxn4__C)
                  00009d98    00000004     application_pem4f.oem4f (.const:ti_sysbios_knl_Swi_Module__loggerObj__C)
                  00009d9c    00000004     application_pem4f.oem4f (.const:ti_sysbios_knl_Swi_Object__count__C)
                  00009da0    00000004     application_pem4f.oem4f (.const:ti_sysbios_knl_Task_A_badPriority__C)
                  00009da4    00000004     application_pem4f.oem4f (.const:ti_sysbios_knl_Task_A_badTaskState__C)
                  00009da8    00000004     application_pem4f.oem4f (.const:ti_sysbios_knl_Task_A_badThreadType__C)
                  00009dac    00000004     application_pem4f.oem4f (.const:ti_sysbios_knl_Task_A_badTimeout__C)
                  00009db0    00000004     application_pem4f.oem4f (.const:ti_sysbios_knl_Task_A_noPendElem__C)
                  00009db4    00000004     application_pem4f.oem4f (.const:ti_sysbios_knl_Task_A_sleepTaskDisabled__C)
                  00009db8    00000004     application_pem4f.oem4f (.const:ti_sysbios_knl_Task_E_spOutOfBounds__C)
                  00009dbc    00000004     application_pem4f.oem4f (.const:ti_sysbios_knl_Task_E_stackOverflow__C)
                  00009dc0    00000004     application_pem4f.oem4f (.const:ti_sysbios_knl_Task_LD_block__C)
                  00009dc4    00000004     application_pem4f.oem4f (.const:ti_sysbios_knl_Task_LD_exit__C)
                  00009dc8    00000004     application_pem4f.oem4f (.const:ti_sysbios_knl_Task_LD_ready__C)
                  00009dcc    00000004     application_pem4f.oem4f (.const:ti_sysbios_knl_Task_LM_sleep__C)
                  00009dd0    00000004     application_pem4f.oem4f (.const:ti_sysbios_knl_Task_LM_switch__C)
                  00009dd4    00000004     application_pem4f.oem4f (.const:ti_sysbios_knl_Task_Module_State_inactiveQ__O)
                  00009dd8    00000004     application_pem4f.oem4f (.const:ti_sysbios_knl_Task_Module__diagsEnabled__C)
                  00009ddc    00000004     application_pem4f.oem4f (.const:ti_sysbios_knl_Task_Module__diagsIncluded__C)
                  00009de0    00000004     application_pem4f.oem4f (.const:ti_sysbios_knl_Task_Module__diagsMask__C)
                  00009de4    00000004     application_pem4f.oem4f (.const:ti_sysbios_knl_Task_Module__loggerFxn2__C)
                  00009de8    00000004     application_pem4f.oem4f (.const:ti_sysbios_knl_Task_Module__loggerFxn4__C)
                  00009dec    00000004     application_pem4f.oem4f (.const:ti_sysbios_knl_Task_Module__loggerObj__C)
                  00009df0    00000004     application_pem4f.oem4f (.const:ti_sysbios_knl_Task_Object__count__C)
                  00009df4    00000004     application_pem4f.oem4f (.const:ti_sysbios_knl_Task_allBlockedFunc__C)
                  00009df8    00000004     application_pem4f.oem4f (.const:ti_sysbios_knl_Task_defaultStackHeap__C)
                  00009dfc    00000004     application_pem4f.oem4f (.const:ti_sysbios_knl_Task_defaultStackSize__C)
                  00009e00    00000004     application_pem4f.oem4f (.const:ti_sysbios_knl_Task_numConstructedTasks__C)
                  00009e04    00000004     application_pem4f.oem4f (.const:xdc_runtime_Assert_E_assertFailed__C)
                  00009e08    00000004     application_pem4f.oem4f (.const:xdc_runtime_Core_A_initializedParams__C)
                  00009e0c    00000004     application_pem4f.oem4f (.const:xdc_runtime_Core_Module__diagsEnabled__C)
                  00009e10    00000004     application_pem4f.oem4f (.const:xdc_runtime_Core_Module__diagsIncluded__C)
                  00009e14    00000004     application_pem4f.oem4f (.const:xdc_runtime_Core_Module__diagsMask__C)
                  00009e18    00000004     application_pem4f.oem4f (.const:xdc_runtime_Error_E_memory__C)
                  00009e1c    00000004     application_pem4f.oem4f (.const:xdc_runtime_Error_Module__diagsEnabled__C)
                  00009e20    00000004     application_pem4f.oem4f (.const:xdc_runtime_Error_Module__diagsIncluded__C)
                  00009e24    00000004     application_pem4f.oem4f (.const:xdc_runtime_Error_Module__diagsMask__C)
                  00009e28    00000004     application_pem4f.oem4f (.const:xdc_runtime_Error_Module__loggerFxn8__C)
                  00009e2c    00000004     application_pem4f.oem4f (.const:xdc_runtime_Error_Module__loggerObj__C)
                  00009e30    00000004     application_pem4f.oem4f (.const:xdc_runtime_Error_policyFxn__C)
                  00009e34    00000004     application_pem4f.oem4f (.const:xdc_runtime_Error_raiseHook__C)
                  00009e38    00000004     application_pem4f.oem4f (.const:xdc_runtime_IGateProvider_Interface__BASE__C)
                  00009e3c    00000004     application_pem4f.oem4f (.const:xdc_runtime_IHeap_Interface__BASE__C)
                  00009e40    00000004     application_pem4f.oem4f (.const:xdc_runtime_IModule_Interface__BASE__C)
                  00009e44    00000004     application_pem4f.oem4f (.const:xdc_runtime_Log_L_error__C)
                  00009e48    00000004     application_pem4f.oem4f (.const:xdc_runtime_Memory_defaultHeapInstance__C)
                  00009e4c    00000004     application_pem4f.oem4f (.const:xdc_runtime_Startup_execImpl__C)
                  00009e50    00000004     application_pem4f.oem4f (.const:xdc_runtime_Startup_maxPasses__C)
                  00009e54    00000004     application_pem4f.oem4f (.const:xdc_runtime_Startup_sfxnRts__C)
                  00009e58    00000004     application_pem4f.oem4f (.const:xdc_runtime_Startup_sfxnTab__C)
                  00009e5c    00000004     application_pem4f.oem4f (.const:xdc_runtime_SysMin_bufSize__C)
                  00009e60    00000004     application_pem4f.oem4f (.const:xdc_runtime_SysMin_outputFunc__C)
                  00009e64    00000004     application_pem4f.oem4f (.const:xdc_runtime_System_Module__gateObj__C)
                  00009e68    00000004     application_pem4f.oem4f (.const:xdc_runtime_System_abortFxn__C)
                  00009e6c    00000004     application_pem4f.oem4f (.const:xdc_runtime_System_exitFxn__C)
                  00009e70    00000004     application_pem4f.oem4f (.const:xdc_runtime_System_extendFxn__C)
                  00009e74    00000004     application_pem4f.oem4f (.const:xdc_runtime_System_maxAtexitHandlers__C)
                  00009e78    00000004     application_pem4f.oem4f (.const:xdc_runtime_Text_charTab__C)
                  00009e7c    00000004     application_pem4f.oem4f (.const:xdc_runtime_Text_nameEmpty__C)
                  00009e80    00000004     application_pem4f.oem4f (.const:xdc_runtime_Text_nameStatic__C)
                  00009e84    00000004     application_pem4f.oem4f (.const:xdc_runtime_Text_nameUnknown__C)
                  00009e88    00000004     application_pem4f.oem4f (.const:xdc_runtime_Text_nodeTab__C)
                  00009e8c    00000004     application_pem4f.oem4f (.const:xdc_runtime_Text_visitRopeFxn__C)
                  00009e90    00000002     application_pem4f.oem4f (.const:ti_sysbios_hal_Hwi_Module__id__C)
                  00009e92    00000002     application_pem4f.oem4f (.const:ti_sysbios_heaps_HeapMem_Module__id__C)
                  00009e94    00000002     application_pem4f.oem4f (.const:ti_sysbios_knl_Clock_Module__id__C)
                  00009e96    00000002     application_pem4f.oem4f (.const:ti_sysbios_knl_Clock_Module__loggerDefined__C)
                  00009e98    00000002     application_pem4f.oem4f (.const:ti_sysbios_knl_Mailbox_Module__id__C)
                  00009e9a    00000002     application_pem4f.oem4f (.const:ti_sysbios_knl_Semaphore_Module__id__C)
                  00009e9c    00000002     application_pem4f.oem4f (.const:ti_sysbios_knl_Semaphore_Module__loggerDefined__C)
                  00009e9e    00000002     application_pem4f.oem4f (.const:ti_sysbios_knl_Swi_Module__id__C)
                  00009ea0    00000002     application_pem4f.oem4f (.const:ti_sysbios_knl_Swi_Module__loggerDefined__C)
                  00009ea2    00000002     application_pem4f.oem4f (.const:ti_sysbios_knl_Task_Module__id__C)
                  00009ea4    00000002     application_pem4f.oem4f (.const:ti_sysbios_knl_Task_Module__loggerDefined__C)
                  00009ea6    00000002     application_pem4f.oem4f (.const:ti_sysbios_knl_Task_initStackFlag__C)
                  00009ea8    00000002     application_pem4f.oem4f (.const:xdc_runtime_Core_Module__id__C)
                  00009eaa    00000002     application_pem4f.oem4f (.const:xdc_runtime_Error_Module__loggerDefined__C)
                  00009eac    00000002     application_pem4f.oem4f (.const:xdc_runtime_Error_maxDepth__C)
                  00009eae    00000002     application_pem4f.oem4f (.const:xdc_runtime_Memory_Module__id__C)
                  00009eb0    00000002     application_pem4f.oem4f (.const:xdc_runtime_SysMin_flushAtExit__C)
                  00009eb2    00000002     application_pem4f.oem4f (.const:xdc_runtime_Text_charCnt__C)
                  00009eb4    00000002     application_pem4f.oem4f (.const:xdc_runtime_Text_isLoaded__C)
                  00009eb6    00000002     application_pem4f.oem4f (.const:xdc_runtime_Text_registryModsLastId__C)
                  00009eb8    00000002     application_pem4f.oem4f (.const:xdc_runtime_Text_unnamedModsLastId__C)

.cinit     0    00009ec0    00000398     
                  00009ec0    00000360     (.cinit..data.load) [load image, compression = rle]
                  0000a220    0000000c     (__TI_handler_table)
                  0000a22c    00000004     --HOLE-- [fill = 0]
                  0000a230    00000008     (.cinit..bss.load) [load image, compression = zero_init]
                  0000a238    00000008     (.cinit..vecs.load) [load image, compression = zero_init]
                  0000a240    00000018     (__TI_cinit_table)

.init_array 
*          0    00000000    00000000     UNINITIALIZED

.vecs      0    20000000    00000360     UNINITIALIZED
                  20000000    00000360     application_pem4f.oem4f (.vecs)

.bss       0    20000400    00005e4c     UNINITIALIZED
                  20000400    00005000     application_pem4f.oem4f (.bss:ti_sysbios_heaps_HeapMem_Instance_State_0_buf__A)
                  20005400    00000400     application_pem4f.oem4f (.bss:xdc_runtime_SysMin_Module_State_0_outbuf__A)
                  20005800    00000360     application_pem4f.oem4f (.bss:ti_sysbios_family_arm_m3_Hwi_dispatchTable)
                  20005b60    00000098     EK_TM4C1294XL.obj (.bss:spiTivaDMAObjects)
                  20005bf8    00000008     (.common:parmbuf)
                  20005c00    00000200     EK_TM4C1294XL.obj (.bss:dmaControlTable)
                  20005e00    00000200     application_pem4f.oem4f (.bss:taskStackSection)
                  20006000    00000120     rtsv7M4_T_le_v4SPD16_eabi.lib : trgmsg.obj (.bss:__CIOBUF_)
                  20006120    00000100     EK_TM4C1294XL.obj (.bss:i2cTivaObjects)
                  20006220    0000001c     (.common:dmaHwiStruct)
                  2000623c    00000004     (.common:mailbox1)
                  20006240    00000008     (.common:spiTivaDMAscratchBuf)
                  20006248    00000004     (.common:mbox1)

.TI.noinit 
*          0    20000400    00000000     UNINITIALIZED

.stack     0    2000624c    00001000     UNINITIALIZED
                  2000624c    00001000     --HOLE--

.data      0    2000724c    00000498     UNINITIALIZED
                  2000724c    00000160     application_pem4f.oem4f (.data)
                  200073ac    00000080     application_pem4f.oem4f (.data:ti_sysbios_knl_Swi_Module_State_0_readyQ__A)
                  2000742c    00000080     application_pem4f.oem4f (.data:ti_sysbios_knl_Task_Module_State_0_readyQ__A)
                  200074ac    0000004c     application_pem4f.oem4f (.data:ti_sysbios_knl_Task_Object__table__V)
                  200074f8    00000044     application_pem4f.oem4f (.data:ti_sysbios_knl_Task_Module__state__V)
                  2000753c    00000040     application_pem4f.oem4f (.data:ti_sysbios_family_arm_lm4_Timer_Module_State_0_device__A)
                  2000757c    00000040     application_pem4f.oem4f (.data:ti_sysbios_family_arm_lm4_Timer_Object__table__V)
                  200075bc    00000038     application_pem4f.oem4f (.data:ti_sysbios_gates_GateMutex_Object__table__V)
                  200075f4    00000034     application_pem4f.oem4f (.data:ti_sysbios_family_arm_m3_Hwi_Module__state__V)
                  20007628    00000030     application_pem4f.oem4f (.data:ti_sysbios_knl_Swi_Object__table__V)
                  20007658    0000002c     application_pem4f.oem4f (.data:ti_sysbios_knl_Clock_Module__state__V)
                  20007684    00000024     application_pem4f.oem4f (.data:ti_sysbios_BIOS_Module__state__V)
                  200076a8    00000020     EK_TM4C1294XL.obj (.data)
                  200076c8    00000008     rtsv7M4_T_le_v4SPD16_eabi.lib : _lock.obj (.data)
                  200076d0    00000008                                   : exit.obj (.data)
                  200076d8    00000004     drivers_tivaware.aem4f : I2C.oem4f (.data)
                  200076dc    00000004                            : SPI.oem4f (.data)
                  200076e0    00000004     rtsv7M4_T_le_v4SPD16_eabi.lib : stkdepth_vars.obj (.data)

.bootVecs 
*          0    00000000    00000008     DSECT
                  00000000    00000008     boot.aem4f : boot.oem4f (.bootVecs)

xdc.meta   0    00000000    000000fe     COPY SECTION
                  00000000    000000fe     application_pem4f.oem4f (xdc.meta)

.TI.persistent 
*          0    2000724c    00000000     UNINITIALIZED


LINKER GENERATED COPY TABLES

__TI_cinit_table @ 0000a240 records: 3, size/record: 8, table size: 24
	.data: load addr=00009ec0, load size=00000360 bytes, run addr=2000724c, run size=00000498 bytes, compression=rle
	.bss: load addr=0000a230, load size=00000008 bytes, run addr=20000400, run size=00005e4c bytes, compression=zero_init
	.vecs: load addr=0000a238, load size=00000008 bytes, run addr=20000000, run size=00000360 bytes, compression=zero_init


LINKER GENERATED HANDLER TABLE

__TI_handler_table @ 0000a220 records: 3, size/record: 4, table size: 12
	index: 0, handler: __TI_decompress_rle24
	index: 1, handler: __TI_decompress_none
	index: 2, handler: __TI_zero_init


GLOBAL SYMBOLS: SORTED ALPHABETICALLY BY Name 

address   name                                                                 
-------   ----                                                                 
00006315  C$$EXIT                                                              
000057d3  C$$IO$$                                                              
0000511d  EK_TM4C1294XL_initDMA                                                
00003c95  EK_TM4C1294XL_initGeneral                                            
000056d5  EK_TM4C1294XL_initI2C                                                
000051a5  EK_TM4C1294XL_initSPI                                                
00006d5d  GPIODirModeSet                                                       
00002fbd  GPIOPadConfigSet                                                     
000060d5  GPIOPinConfigure                                                     
0000733f  GPIOPinTypeGPIOOutput                                                
000075a5  GPIOPinTypeI2C                                                       
000075b7  GPIOPinTypeI2CSCL                                                    
000075c9  GPIOPinTypeSSI                                                       
000075db  GPIOPinTypeTimer                                                     
00005873  GPIOPinWrite                                                         
00000d61  HOSTclock                                                            
00000d29  HOSTclose                                                            
00000ceb  HOSTgetenv                                                           
00000c8f  HOSTlseek                                                            
00000c3d  HOSTopen                                                             
00000bf1  HOSTread                                                             
00000b93  HOSTrename                                                           
00000b59  HOSTtime                                                             
00000b21  HOSTunlink                                                           
00000ad5  HOSTwrite                                                            
000007bd  I2CMasterControl                                                     
00000ffd  I2CMasterDataGet                                                     
0000146d  I2CMasterDataPut                                                     
00007895  I2CMasterDisable                                                     
0000789f  I2CMasterEnable                                                      
00007491  I2CMasterErr                                                         
0000611d  I2CMasterInitExpClk                                                  
0000790d  I2CMasterIntClear                                                    
00006ac3  I2CMasterIntDisable                                                  
00007613  I2CMasterIntEnable                                                   
00007915  I2CMasterSlaveAddrSet                                                
00006949  I2CTiva_close                                                        
000077ab  I2CTiva_control                                                      
00009b14  I2CTiva_fxnTable                                                     
000078a9  I2CTiva_init                                                         
000039f5  I2CTiva_open                                                         
0000533d  I2CTiva_transfer                                                     
0000764d  I2C_Params_init                                                      
0000991c  I2C_config                                                           
00009bd0  I2C_defaultParams                                                    
000067f9  I2C_init                                                             
00007359  I2C_open                                                             
000078b3  I2C_transfer                                                         
00003325  I2Cread_16                                                           
0000442d  IRThermo_Task                                                        
UNDEFED   SHT$$INIT_ARRAY$$Base                                                
[...]
00009c4c  ti_sysbios_family_arm_m3_Hwi_E_memFault__C                           
00009c50  ti_sysbios_family_arm_m3_Hwi_E_noIsr__C                              
00009c54  ti_sysbios_family_arm_m3_Hwi_E_reserved__C                           
00009c58  ti_sysbios_family_arm_m3_Hwi_E_svCall__C                             
00009c5c  ti_sysbios_family_arm_m3_Hwi_E_usageFault__C                         
00009c60  ti_sysbios_family_arm_m3_Hwi_LD_end__C                               
00009c64  ti_sysbios_family_arm_m3_Hwi_LM_begin__C                             
00009c68  ti_sysbios_family_arm_m3_Hwi_Module__diagsEnabled__C                 
00009c6c  ti_sysbios_family_arm_m3_Hwi_Module__diagsIncluded__C                
00009c70  ti_sysbios_family_arm_m3_Hwi_Module__diagsMask__C                    
00009c74  ti_sysbios_family_arm_m3_Hwi_Module__loggerFxn1__C                   
00009c78  ti_sysbios_family_arm_m3_Hwi_Module__loggerFxn8__C                   
00009c7c  ti_sysbios_family_arm_m3_Hwi_Module__loggerObj__C                    
00009c80  ti_sysbios_family_arm_m3_Hwi_NUM_INTERRUPTS__C                       
00009c84  ti_sysbios_family_arm_m3_Hwi_Object__count__C                        
00009c88  ti_sysbios_family_arm_m3_Hwi_ccr__C                                  
00009c8c  ti_sysbios_family_arm_m3_Hwi_excHandlerFunc__C                       
00009c90  ti_sysbios_family_arm_m3_Hwi_excHookFuncs__C                         
00009c94  ti_sysbios_family_arm_m3_Hwi_nullIsrFunc__C                          
00009c98  ti_sysbios_family_arm_m3_Hwi_priGroup__C                             
00009c9c  ti_sysbios_family_arm_m3_TaskSupport_stackAlignment__C               
00009ca0  ti_sysbios_gates_GateMutex_A_badContext__C                           
00009ca4  ti_sysbios_gates_GateMutex_Instance_State_sem__O                     
00009ca8  ti_sysbios_gates_GateMutex_Module__diagsEnabled__C                   
00009cac  ti_sysbios_gates_GateMutex_Module__diagsIncluded__C                  
00009cb0  ti_sysbios_gates_GateMutex_Module__diagsMask__C                      
00009cb4  ti_sysbios_hal_Hwi_E_stackOverflow__C                                
00009cb8  ti_sysbios_heaps_HeapBuf_Instance_State_freeList__O                  
00009cbc  ti_sysbios_heaps_HeapBuf_Object__count__C                            
00009cc0  ti_sysbios_heaps_HeapBuf_numConstructedHeaps__C                      
00009cc4  ti_sysbios_heaps_HeapMem_A_align__C                                  
00009cc8  ti_sysbios_heaps_HeapMem_A_heapSize__C                               
00009ccc  ti_sysbios_heaps_HeapMem_A_invalidFree__C                            
00009cd0  ti_sysbios_heaps_HeapMem_A_zeroBlock__C                              
00009cd4  ti_sysbios_heaps_HeapMem_E_memory__C                                 
00009cd8  ti_sysbios_heaps_HeapMem_Module__diagsEnabled__C                     
00009cdc  ti_sysbios_heaps_HeapMem_Module__diagsIncluded__C                    
00009ce0  ti_sysbios_heaps_HeapMem_Module__diagsMask__C                        
00009ce4  ti_sysbios_heaps_HeapMem_Module__gateObj__C                          
00009ce8  ti_sysbios_heaps_HeapMem_Object__count__C                            
00009cec  ti_sysbios_heaps_HeapMem_reqAlign__C                                 
00009cf0  ti_sysbios_knl_Clock_LM_begin__C                                     
00009cf4  ti_sysbios_knl_Clock_LM_tick__C                                      
00009cf8  ti_sysbios_knl_Clock_LW_delayed__C                                   
00009cfc  ti_sysbios_knl_Clock_Module_State_clockQ__O                          
00009d00  ti_sysbios_knl_Clock_Module__diagsEnabled__C                         
00009d04  ti_sysbios_knl_Clock_Module__diagsIncluded__C                        
00009d08  ti_sysbios_knl_Clock_Module__diagsMask__C                            
00009d0c  ti_sysbios_knl_Clock_Module__loggerFxn1__C                           
00009d10  ti_sysbios_knl_Clock_Module__loggerFxn2__C                           
00009d14  ti_sysbios_knl_Clock_Module__loggerObj__C                            
00009d18  ti_sysbios_knl_Idle_funcList__A                                      
00009d1c  ti_sysbios_knl_Mailbox_A_invalidBufSize__C                           
00009d20  ti_sysbios_knl_Mailbox_Instance_State_dataQue__O                     
00009d24  ti_sysbios_knl_Mailbox_Instance_State_dataSem__O                     
00009d28  ti_sysbios_knl_Mailbox_Instance_State_freeQue__O                     
00009d2c  ti_sysbios_knl_Mailbox_Instance_State_freeSem__O                     
00009d30  ti_sysbios_knl_Mailbox_Module__diagsEnabled__C                       
00009d34  ti_sysbios_knl_Mailbox_Module__diagsIncluded__C                      
00009d38  ti_sysbios_knl_Mailbox_Module__diagsMask__C                          
00009d3c  ti_sysbios_knl_Mailbox_Object__count__C                              
00009d40  ti_sysbios_knl_Mailbox_maxTypeAlign__C                               
00009d44  ti_sysbios_knl_Semaphore_A_badContext__C                             
00009d48  ti_sysbios_knl_Semaphore_A_noEvents__C                               
00009d4c  ti_sysbios_knl_Semaphore_A_overflow__C                               
00009d50  ti_sysbios_knl_Semaphore_A_pendTaskDisabled__C                       
00009d54  ti_sysbios_knl_Semaphore_Instance_State_pendQ__O                     
00009d58  ti_sysbios_knl_Semaphore_LM_pend__C                                  
00009d5c  ti_sysbios_knl_Semaphore_LM_post__C                                  
00009d60  ti_sysbios_knl_Semaphore_Module__diagsEnabled__C                     
00009d64  ti_sysbios_knl_Semaphore_Module__diagsIncluded__C                    
00009d68  ti_sysbios_knl_Semaphore_Module__diagsMask__C                        
00009d6c  ti_sysbios_knl_Semaphore_Module__loggerFxn2__C                       
00009d70  ti_sysbios_knl_Semaphore_Module__loggerFxn4__C                       
00009d74  ti_sysbios_knl_Semaphore_Module__loggerObj__C                        
00009d78  ti_sysbios_knl_Swi_LD_end__C                                         
00009d7c  ti_sysbios_knl_Swi_LM_begin__C                                       
00009d80  ti_sysbios_knl_Swi_LM_post__C                                        
00009d84  ti_sysbios_knl_Swi_Module__diagsEnabled__C                           
00009d88  ti_sysbios_knl_Swi_Module__diagsIncluded__C                          
00009d8c  ti_sysbios_knl_Swi_Module__diagsMask__C                              
00009d90  ti_sysbios_knl_Swi_Module__loggerFxn1__C                             
00009d94  ti_sysbios_knl_Swi_Module__loggerFxn4__C                             
00009d98  ti_sysbios_knl_Swi_Module__loggerObj__C                              
00009d9c  ti_sysbios_knl_Swi_Object__count__C                                  
00009da0  ti_sysbios_knl_Task_A_badPriority__C                                 
00009da4  ti_sysbios_knl_Task_A_badTaskState__C                                
00009da8  ti_sysbios_knl_Task_A_badThreadType__C                               
00009dac  ti_sysbios_knl_Task_A_badTimeout__C                                  
00009db0  ti_sysbios_knl_Task_A_noPendElem__C                                  
00009db4  ti_sysbios_knl_Task_A_sleepTaskDisabled__C                           
00009db8  ti_sysbios_knl_Task_E_spOutOfBounds__C                               
00009dbc  ti_sysbios_knl_Task_E_stackOverflow__C                               
00009dc0  ti_sysbios_knl_Task_LD_block__C                                      
00009dc4  ti_sysbios_knl_Task_LD_exit__C                                       
00009dc8  ti_sysbios_knl_Task_LD_ready__C                                      
00009dcc  ti_sysbios_knl_Task_LM_sleep__C                                      
00009dd0  ti_sysbios_knl_Task_LM_switch__C                                     
00009dd4  ti_sysbios_knl_Task_Module_State_inactiveQ__O                        
00009dd8  ti_sysbios_knl_Task_Module__diagsEnabled__C                          
00009ddc  ti_sysbios_knl_Task_Module__diagsIncluded__C                         
00009de0  ti_sysbios_knl_Task_Module__diagsMask__C                             
00009de4  ti_sysbios_knl_Task_Module__loggerFxn2__C                            
00009de8  ti_sysbios_knl_Task_Module__loggerFxn4__C                            
00009dec  ti_sysbios_knl_Task_Module__loggerObj__C                             
00009df0  ti_sysbios_knl_Task_Object__count__C                                 
00009df4  ti_sysbios_knl_Task_allBlockedFunc__C                                
00009df8  ti_sysbios_knl_Task_defaultStackHeap__C                              
00009dfc  ti_sysbios_knl_Task_defaultStackSize__C                              
00009e00  ti_sysbios_knl_Task_numConstructedTasks__C                           
00009e04  xdc_runtime_Assert_E_assertFailed__C                                 
00009e08  xdc_runtime_Core_A_initializedParams__C                              
00009e0c  xdc_runtime_Core_Module__diagsEnabled__C                             
00009e10  xdc_runtime_Core_Module__diagsIncluded__C                            
00009e14  xdc_runtime_Core_Module__diagsMask__C                                
00009e18  xdc_runtime_Error_E_memory__C                                        
00009e1c  xdc_runtime_Error_Module__diagsEnabled__C                            
00009e20  xdc_runtime_Error_Module__diagsIncluded__C                           
00009e24  xdc_runtime_Error_Module__diagsMask__C                               
00009e28  xdc_runtime_Error_Module__loggerFxn8__C                              
00009e2c  xdc_runtime_Error_Module__loggerObj__C                               
00009e30  xdc_runtime_Error_policyFxn__C                                       
00009e34  xdc_runtime_Error_raiseHook__C                                       
00009e38  xdc_runtime_IGateProvider_Interface__BASE__C                         
00009e3c  xdc_runtime_IHeap_Interface__BASE__C                                 
00009e40  xdc_runtime_IModule_Interface__BASE__C                               
00009e44  xdc_runtime_Log_L_error__C                                           
00009e48  xdc_runtime_Memory_defaultHeapInstance__C                            
00009e4c  xdc_runtime_Startup_execImpl__C                                      
00009e50  xdc_runtime_Startup_maxPasses__C                                     
00009e54  xdc_runtime_Startup_sfxnRts__C                                       
00009e58  xdc_runtime_Startup_sfxnTab__C                                       
00009e5c  xdc_runtime_SysMin_bufSize__C                                        
00009e60  xdc_runtime_SysMin_outputFunc__C                                     
00009e64  xdc_runtime_System_Module__gateObj__C                                
00009e68  xdc_runtime_System_abortFxn__C                                       
00009e6c  xdc_runtime_System_exitFxn__C                                        
00009e70  xdc_runtime_System_extendFxn__C                                      
00009e74  xdc_runtime_System_maxAtexitHandlers__C                              
00009e78  xdc_runtime_Text_charTab__C                                          
00009e7c  xdc_runtime_Text_nameEmpty__C                                        
00009e80  xdc_runtime_Text_nameStatic__C                                       
00009e84  xdc_runtime_Text_nameUnknown__C                                      
00009e88  xdc_runtime_Text_nodeTab__C                                          
00009e8c  xdc_runtime_Text_visitRopeFxn__C                                     
00009e90  ti_sysbios_hal_Hwi_Module__id__C                                     
00009e92  ti_sysbios_heaps_HeapMem_Module__id__C                               
00009e94  ti_sysbios_knl_Clock_Module__id__C                                   
00009e96  ti_sysbios_knl_Clock_Module__loggerDefined__C                        
00009e98  ti_sysbios_knl_Mailbox_Module__id__C                                 
00009e9a  ti_sysbios_knl_Semaphore_Module__id__C                               
00009e9c  ti_sysbios_knl_Semaphore_Module__loggerDefined__C                    
00009e9e  ti_sysbios_knl_Swi_Module__id__C                                     
00009ea0  ti_sysbios_knl_Swi_Module__loggerDefined__C                          
00009ea2  ti_sysbios_knl_Task_Module__id__C                                    
00009ea4  ti_sysbios_knl_Task_Module__loggerDefined__C                         
00009ea6  ti_sysbios_knl_Task_initStackFlag__C                                 
00009ea8  xdc_runtime_Core_Module__id__C                                       
00009eaa  xdc_runtime_Error_Module__loggerDefined__C                           
00009eac  xdc_runtime_Error_maxDepth__C                                        
00009eae  xdc_runtime_Memory_Module__id__C                                     
00009eb0  xdc_runtime_SysMin_flushAtExit__C                                    
00009eb2  xdc_runtime_Text_charCnt__C                                          
00009eb4  xdc_runtime_Text_isLoaded__C                                         
00009eb6  xdc_runtime_Text_registryModsLastId__C                               
00009eb8  xdc_runtime_Text_unnamedModsLastId__C                                
00009ec0  __TI_static_base__                                                   
0000a220  __TI_Handler_Table_Base                                              
0000a22c  __TI_Handler_Table_Limit                                             
0000a240  __TI_CINIT_Base                                                      
0000a258  __TI_CINIT_Limit                                                     
20000000  ti_sysbios_family_arm_m3_Hwi_ramVectors                              
20000400  ti_sysbios_heaps_HeapMem_Instance_State_0_buf__A                     
20005400  xdc_runtime_SysMin_Module_State_0_outbuf__A                          
20005800  ti_sysbios_family_arm_m3_Hwi_dispatchTable                           
20005b60  spiTivaDMAObjects                                                    
20005e00  ti_sysbios_knl_Task_Instance_State_0_stack__A                        
20006000  __CIOBUF_                                                            
20006120  i2cTivaObjects                                                       
2000623c  mailbox1                                                             
20006240  spiTivaDMAscratchBuf                                                 
20006248  mbox1                                                                
2000624c  __stack                                                              
2000644c  __STACK_TOP                                                          
2000724c  __STACK_END                                                          
2000724c  ti_sysbios_family_arm_lm4_Timer_Module__root__V                      
20007254  ti_sysbios_family_arm_lm4_Timer_Module_State_0_handles__A            
20007274  ti_sysbios_family_arm_lm4_Timer_Module__state__V                     
20007280  ti_sysbios_family_arm_m3_Hwi_Module__root__V                         
20007288  ti_sysbios_family_arm_m3_Hwi_Object__table__V                        
200072a0  ti_sysbios_family_arm_m3_Hwi_Module_State_0_excActive__A             
200072a4  ti_sysbios_family_arm_m3_Hwi_Module_State_0_excContext__A            
200072a8  ti_sysbios_family_arm_m3_Hwi_Module_State_0_excStack__A              
200072ac  ti_sysbios_gates_GateHwi_Module__root__V                             
200072b4  ti_sysbios_gates_GateHwi_Object__table__V                            
200072b8  ti_sysbios_gates_GateMutex_Module__root__V                           
200072c0  ti_sysbios_hal_Hwi_Module__root__V                                   
200072c8  ti_sysbios_hal_Timer_Module__root__V                                 
200072d0  ti_sysbios_heaps_HeapBuf_Module__root__V                             
200072d8  ti_sysbios_heaps_HeapBuf_Module__state__V                            
200072dc  ti_sysbios_heaps_HeapMem_Module__root__V                             
200072e4  ti_sysbios_heaps_HeapMem_Object__table__V                            
200072fc  ti_sysbios_knl_Clock_Module__root__V                                 
20007304  ti_sysbios_knl_Event_Module__root__V                                 
2000730c  ti_sysbios_knl_Mailbox_Module__root__V                               
20007314  ti_sysbios_knl_Queue_Module__root__V                                 
2000731c  ti_sysbios_knl_Semaphore_Module__root__V                             
20007324  ti_sysbios_knl_Swi_Module__root__V                                   
2000732c  ti_sysbios_knl_Swi_Module__state__V                                  
20007348  ti_sysbios_knl_Task_Module__root__V                                  
20007350  ti_sysbios_knl_Task_Module_State_0_idleTask__A                       
20007354  xdc_runtime_Error_Module__state__V                                   
20007358  xdc_runtime_Memory_Module__state__V                                  
2000735c  xdc_runtime_Registry_Module__state__V                                
20007364  xdc_runtime_Startup_Module__state__V                                 
2000736c  xdc_runtime_SysMin_Module__state__V                                  
20007378  xdc_runtime_System_Module_State_0_atexitHandlers__A                  
20007398  xdc_runtime_System_Module__state__V                                  
200073a0  xdc_runtime_Text_Module__state__V                                    
200073a8  __xdc__init__addr                                                    
200073ac  ti_sysbios_knl_Swi_Module_State_0_readyQ__A                          
2000742c  ti_sysbios_knl_Task_Module_State_0_readyQ__A                         
200074ac  TSK_idle                                                             
200074ac  ti_sysbios_knl_Task_Object__table__V                                 
200074f8  ti_sysbios_knl_Task_Module__state__V                                 
2000753c  ti_sysbios_family_arm_lm4_Timer_Module_State_0_device__A             
2000757c  ti_sysbios_family_arm_lm4_Timer_Object__table__V                     
200075bc  ti_sysbios_gates_GateMutex_Object__table__V                          
200075f4  ti_sysbios_family_arm_m3_Hwi_Module__state__V                        
20007628  ti_sysbios_knl_Swi_Object__table__V                                  
20007658  ti_sysbios_knl_Clock_Module__state__V                                
20007684  ti_sysbios_BIOS_Module__state__V                                     
200076a9  macAddress                                                           
200076b0  gpioPinConfigs                                                       
200076c0  gpioCallbackFunctions                                                
200076c8  _lock                                                                
200076cc  _unlock                                                              
200076d0  __TI_cleanup_ptr                                                     
200076d4  __TI_dtors_ptr                                                       
200076e0  main_func_sp                                                         
e000e000  ti_sysbios_family_arm_m3_Hwi_nvic                                    
ffffffff  __binit__                                                            
ffffffff  __c_args__                                                           
ffffffff  binit                                                                
UNDEFED   SHT$$INIT_ARRAY$$Base                                                
UNDEFED   SHT$$INIT_ARRAY$$Limit                                               

[708 symbols]
